#
# There is insufficient memory for the Java Runtime Environment to continue.
# Native memory allocation (malloc) failed to allocate 1241936 bytes for Chunk::new
# Possible reasons:
#   The system is out of physical RAM or swap space
#   The process is running with CompressedOops enabled, and the Java Heap may be blocking the growth of the native heap
# Possible solutions:
#   Reduce memory load on the system
#   Increase physical memory or swap space
#   Check if swap backing store is full
#   Decrease Java heap size (-Xmx/-Xms)
#   Decrease number of Java threads
#   Decrease Java thread stack sizes (-Xss)
#   Set larger code cache with -XX:ReservedCodeCacheSize=
#   JVM is running with Unscaled Compressed Oops mode in which the Java heap is
#     placed in the first 4GB address space. The Java Heap base address is the
#     maximum limit for the native heap growth. Please use -XX:HeapBaseMinAddress
#     to set the Java Heap base and to place the Java Heap above 4GB virtual address.
# This output file may be truncated or incomplete.
#
#  Out of Memory Error (arena.cpp:189), pid=25188, tid=7008
#
# JRE version: Java(TM) SE Runtime Environment (17.0.12+8) (build 17.0.12+8-LTS-286)
# Java VM: Java HotSpot(TM) 64-Bit Server VM (17.0.12+8-LTS-286, mixed mode, sharing, tiered, compressed oops, compressed class ptrs, g1 gc, windows-amd64)
# No core dump will be written. Minidumps are not enabled by default on client versions of Windows
#

---------------  S U M M A R Y ------------

Command Line: --add-opens=java.base/java.util=ALL-UNNAMED --add-opens=java.base/java.lang=ALL-UNNAMED --add-opens=java.base/java.lang.invoke=ALL-UNNAMED --add-opens=java.prefs/java.util.prefs=ALL-UNNAMED --add-exports=jdk.compiler/com.sun.tools.javac.api=ALL-UNNAMED --add-exports=jdk.compiler/com.sun.tools.javac.util=ALL-UNNAMED --add-opens=java.base/java.nio.charset=ALL-UNNAMED --add-opens=java.base/java.net=ALL-UNNAMED --add-opens=java.base/java.util.concurrent.atomic=ALL-UNNAMED -XX:MaxMetaspaceSize=384m -XX:+HeapDumpOnOutOfMemoryError -Xms256m -Xmx512m -Dfile.encoding=utf8 -Duser.country=IN -Duser.language=en -Duser.variant -javaagent:C:\Users\Sakshi\.gradle\wrapper\dists\gradle-8.9-bin\90cnw93cvbtalezasaz0blq0a\gradle-8.9\lib\agents\gradle-instrumentation-agent-8.9.jar org.gradle.launcher.daemon.bootstrap.GradleDaemon 8.9

Host: 12th Gen Intel(R) Core(TM) i5-12450H, 12 cores, 15G,  Windows 11 , 64 bit Build 26100 (10.0.26100.7019)
Time: Mon Sep  7 17:22:50 2026 India Standard Time elapsed time: 41.495997 seconds (0d 0h 0m 41s)

---------------  T H R E A D  ---------------

Current thread (0x000001f72af98da0):  JavaThread "C2 CompilerThread0" daemon [_thread_in_native, id=7008, stack(0x0000009624e00000,0x0000009624f00000)]


Current CompileTask:
C2:  41496 3947       4       java.net.URLClassLoader$1::run (5 bytes)

Stack: [0x0000009624e00000,0x0000009624f00000]
Native frames: (J=compiled Java code, j=interpreted, Vv=VM code, C=native code)
V  [jvm.dll+0x67a04a]
V  [jvm.dll+0x7da4ed]
V  [jvm.dll+0x7dbe33]
V  [jvm.dll+0x7dc4a3]
V  [jvm.dll+0x24508f]
V  [jvm.dll+0xab773]
V  [jvm.dll+0xabd3c]
V  [jvm.dll+0x361b9f]
V  [jvm.dll+0x1ba45a]
V  [jvm.dll+0x216997]
V  [jvm.dll+0x215c6f]
V  [jvm.dll+0x1a2960]
V  [jvm.dll+0x22610b]
V  [jvm.dll+0x2242ab]
V  [jvm.dll+0x79075c]
V  [jvm.dll+0x78abea]
V  [jvm.dll+0x678f35]
C  [ucrtbase.dll+0x37b0]
C  [KERNEL32.DLL+0x2e8d7]
C  [ntdll.dll+0x8c53c]


---------------  P R O C E S S  ---------------

Threads class SMR info:
_java_thread_list=0x000001f7477e7810, length=41, elements={
0x000001f710206e50, 0x000001f72af78b70, 0x000001f72af7a2a0, 0x000001f72af929b0,
0x000001f72af93280, 0x000001f72af94f50, 0x000001f72af96920, 0x000001f72af98da0,
0x000001f72afa2be0, 0x000001f744168770, 0x000001f72af66480, 0x000001f744317640,
0x000001f74547c4a0, 0x000001f7457ab370, 0x000001f744d6a740, 0x000001f7454a0160,
0x000001f74429be90, 0x000001f74429af60, 0x000001f74429a540, 0x000001f74429c3a0,
0x000001f744299610, 0x000001f744299100, 0x000001f747179650, 0x000001f74717b9c0,
0x000001f747179b60, 0x000001f74717aa90, 0x000001f747178c30, 0x000001f74717bed0,
0x000001f747178720, 0x000001f74717a070, 0x000001f74717a580, 0x000001f74429aa50,
0x000001f74429b470, 0x000001f744299b20, 0x000001f74429b980, 0x000001f74429a030,
0x000001f74429c8b0, 0x000001f747179140, 0x000001f74717afa0, 0x000001f74717b4b0,
0x000001f746af3490
}

Java Threads: ( => current thread )
  0x000001f710206e50 JavaThread "main" [_thread_blocked, id=25396, stack(0x0000009624100000,0x0000009624200000)]
  0x000001f72af78b70 JavaThread "Reference Handler" daemon [_thread_blocked, id=17796, stack(0x0000009624800000,0x0000009624900000)]
  0x000001f72af7a2a0 JavaThread "Finalizer" daemon [_thread_blocked, id=20020, stack(0x0000009624900000,0x0000009624a00000)]
  0x000001f72af929b0 JavaThread "Signal Dispatcher" daemon [_thread_blocked, id=19956, stack(0x0000009624a00000,0x0000009624b00000)]
  0x000001f72af93280 JavaThread "Attach Listener" daemon [_thread_blocked, id=23088, stack(0x0000009624b00000,0x0000009624c00000)]
  0x000001f72af94f50 JavaThread "Service Thread" daemon [_thread_blocked, id=27044, stack(0x0000009624c00000,0x0000009624d00000)]
  0x000001f72af96920 JavaThread "Monitor Deflation Thread" daemon [_thread_blocked, id=27388, stack(0x0000009624d00000,0x0000009624e00000)]
=>0x000001f72af98da0 JavaThread "C2 CompilerThread0" daemon [_thread_in_native, id=7008, stack(0x0000009624e00000,0x0000009624f00000)]
  0x000001f72afa2be0 JavaThread "C1 CompilerThread0" daemon [_thread_blocked, id=27208, stack(0x0000009624f00000,0x0000009625000000)]
  0x000001f744168770 JavaThread "Sweeper thread" daemon [_thread_blocked, id=9568, stack(0x0000009625000000,0x0000009625100000)]
  0x000001f72af66480 JavaThread "Common-Cleaner" daemon [_thread_blocked, id=380, stack(0x0000009625100000,0x0000009625200000)]
  0x000001f744317640 JavaThread "Notification Thread" daemon [_thread_blocked, id=28456, stack(0x0000009625300000,0x0000009625400000)]
  0x000001f74547c4a0 JavaThread "Daemon health stats" [_thread_blocked, id=14128, stack(0x0000009625b00000,0x0000009625c00000)]
  0x000001f7457ab370 JavaThread "Incoming local TCP Connector on port 65021" [_thread_in_native, id=31524, stack(0x0000009625a00000,0x0000009625b00000)]
  0x000001f744d6a740 JavaThread "Daemon periodic checks" [_thread_blocked, id=20932, stack(0x0000009625c00000,0x0000009625d00000)]
  0x000001f7454a0160 JavaThread "Daemon" [_thread_blocked, id=31544, stack(0x0000009625d00000,0x0000009625e00000)]
  0x000001f74429be90 JavaThread "Daemon worker" [_thread_in_vm, id=16284, stack(0x0000009626000000,0x0000009626100000)]
  0x000001f74429af60 JavaThread "Cache worker for journal cache (C:\Users\Sakshi\.gradle\caches\journal-1)" [_thread_blocked, id=23172, stack(0x0000009626500000,0x0000009626600000)]
  0x000001f74429a540 JavaThread "File lock request listener" [_thread_in_native, id=30176, stack(0x0000009626600000,0x0000009626700000)]
  0x000001f74429c3a0 JavaThread "File lock release action executor" [_thread_blocked, id=22748, stack(0x0000009626400000,0x0000009626500000)]
  0x000001f744299610 JavaThread "Cache worker for file hash cache (C:\Users\Sakshi\.gradle\caches\8.9\fileHashes)" [_thread_blocked, id=14724, stack(0x0000009626700000,0x0000009626800000)]
  0x000001f744299100 JavaThread "File watcher server" daemon [_thread_in_native, id=15320, stack(0x0000009627000000,0x0000009627100000)]
  0x000001f747179650 JavaThread "File watcher consumer" daemon [_thread_blocked, id=20492, stack(0x0000009627100000,0x0000009627200000)]
  0x000001f74717b9c0 JavaThread "Cache worker for file content cache (C:\Users\Sakshi\.gradle\caches\8.9\fileContent)" [_thread_blocked, id=23640, stack(0x0000009627400000,0x0000009627500000)]
  0x000001f747179b60 JavaThread "VFS cleanup" [_thread_blocked, id=16900, stack(0x0000009626100000,0x0000009626200000)]
  0x000001f74717aa90 JavaThread "Handler for socket connection from /127.0.0.1:65021 to /127.0.0.1:65064" [_thread_in_native, id=21284, stack(0x0000009625e00000,0x0000009625f00000)]
  0x000001f747178c30 JavaThread "Cancel handler" [_thread_blocked, id=27164, stack(0x0000009625f00000,0x0000009626000000)]
  0x000001f74717bed0 JavaThread "Daemon Thread 2" [_thread_blocked, id=25540, stack(0x0000009626200000,0x0000009626300000)]
  0x000001f747178720 JavaThread "Asynchronous log dispatcher for DefaultDaemonConnection: socket connection from /127.0.0.1:65021 to /127.0.0.1:65064" [_thread_blocked, id=24768, stack(0x0000009626300000,0x0000009626400000)]
  0x000001f74717a070 JavaThread "Daemon Thread 3" [_thread_blocked, id=22160, stack(0x0000009626a00000,0x0000009626b00000)]
  0x000001f74717a580 JavaThread "Stdin handler" [_thread_blocked, id=22664, stack(0x0000009627200000,0x0000009627300000)]
  0x000001f74429aa50 JavaThread "Daemon client event forwarder" [_thread_blocked, id=32376, stack(0x0000009627600000,0x0000009627700000)]
  0x000001f74429b470 JavaThread "Cache worker for file hash cache (D:\DevProjects\FailSafe\FailSafe\failsafe\.gradle\8.9\fileHashes)" [_thread_blocked, id=14820, stack(0x0000009627300000,0x0000009627400000)]
  0x000001f744299b20 JavaThread "Cache worker for Build Output Cleanup Cache (D:\DevProjects\FailSafe\FailSafe\failsafe\.gradle\buildOutputCleanup)" [_thread_blocked, id=28804, stack(0x0000009626900000,0x0000009626a00000)]
  0x000001f74429b980 JavaThread "Cache worker for checksums cache (D:\DevProjects\FailSafe\FailSafe\failsafe\.gradle\8.9\checksums)" [_thread_blocked, id=22888, stack(0x0000009627500000,0x0000009627600000)]
  0x000001f74429a030 JavaThread "Cache worker for cache directory md-rule (C:\Users\Sakshi\.gradle\caches\8.9\md-rule)" [_thread_blocked, id=12132, stack(0x0000009627700000,0x0000009627800000)]
  0x000001f74429c8b0 JavaThread "Cache worker for cache directory md-supplier (C:\Users\Sakshi\.gradle\caches\8.9\md-supplier)" [_thread_blocked, id=31360, stack(0x0000009627800000,0x0000009627900000)]
  0x000001f747179140 JavaThread "File lock release action executor Thread 2" [_thread_blocked, id=28604, stack(0x0000009627900000,0x0000009627a00000)]
  0x000001f74717afa0 JavaThread "jar transforms" [_thread_blocked, id=25484, stack(0x0000009627c00000,0x0000009627d00000)]
  0x000001f74717b4b0 JavaThread "jar transforms Thread 2" [_thread_blocked, id=27740, stack(0x0000009627d00000,0x0000009627e00000)]
  0x000001f746af3490 JavaThread "C2 CompilerThread1" daemon [_thread_in_native, id=5340, stack(0x0000009627e00000,0x0000009627f00000)]

Other Threads:
  0x000001f72af75120 VMThread "VM Thread" [stack: 0x0000009624700000,0x0000009624800000] [id=22016]
  0x000001f710207ae0 WatcherThread [stack: 0x0000009625400000,0x0000009625500000] [id=5196]
  0x000001f710233ff0 GCTaskThread "GC Thread#0" [stack: 0x0000009624200000,0x0000009624300000] [id=18436]
  0x000001f7448feef0 GCTaskThread "GC Thread#1" [stack: 0x0000009625500000,0x0000009625600000] [id=6708]
  0x000001f7448ff1b0 GCTaskThread "GC Thread#2" [stack: 0x0000009625600000,0x0000009625700000] [id=13752]
  0x000001f7443f07f0 GCTaskThread "GC Thread#3" [stack: 0x0000009625700000,0x0000009625800000] [id=13324]
  0x000001f7443f0ab0 GCTaskThread "GC Thread#4" [stack: 0x0000009625800000,0x0000009625900000] [id=21372]
  0x000001f7443f0d70 GCTaskThread "GC Thread#5" [stack: 0x0000009625900000,0x0000009625a00000] [id=33500]
  0x000001f7462efdf0 GCTaskThread "GC Thread#6" [stack: 0x0000009626b00000,0x0000009626c00000] [id=30316]
  0x000001f746f3adc0 GCTaskThread "GC Thread#7" [stack: 0x0000009626c00000,0x0000009626d00000] [id=30228]
  0x000001f74814a350 GCTaskThread "GC Thread#8" [stack: 0x0000009626d00000,0x0000009626e00000] [id=12300]
  0x000001f74814a8d0 GCTaskThread "GC Thread#9" [stack: 0x0000009626e00000,0x0000009626f00000] [id=16840]
  0x000001f710238f40 ConcurrentGCThread "G1 Main Marker" [stack: 0x0000009624300000,0x0000009624400000] [id=20668]
  0x000001f71023cdd0 ConcurrentGCThread "G1 Conc#0" [stack: 0x0000009624400000,0x0000009624500000] [id=26856]
  0x000001f74814ab90 ConcurrentGCThread "G1 Conc#1" [stack: 0x0000009626800000,0x0000009626900000] [id=10972]
  0x000001f74814b690 ConcurrentGCThread "G1 Conc#2" [stack: 0x0000009626f00000,0x0000009627000000] [id=30224]
  0x000001f7102ce550 ConcurrentGCThread "G1 Refine#0" [stack: 0x0000009624500000,0x0000009624600000] [id=28196]
  0x000001f72ae33910 ConcurrentGCThread "G1 Service" [stack: 0x0000009624600000,0x0000009624700000] [id=32320]

Threads with active compile tasks:
C2 CompilerThread0    41673 3947       4       java.net.URLClassLoader$1::run (5 bytes)
C1 CompilerThread0    41673 4124   !   3       org.codehaus.groovy.reflection.stdclasses.CachedSAMClass::getSAMMethod (154 bytes)
C2 CompilerThread1    41673 4118       4       java.io.WinNTFileSystem::normalize (224 bytes)

VM state: not at safepoint (normal execution)

VM Mutex/Monitor currently owned by a thread: None

Heap address: 0x00000000e0000000, size: 512 MB, Compressed Oops mode: 32-bit

CDS archive(s) mapped at: [0x000001f72b000000-0x000001f72bbd0000-0x000001f72bbd0000), size 12386304, SharedBaseAddress: 0x000001f72b000000, ArchiveRelocationMode: 1.
Compressed class space mapped at: 0x000001f72c000000-0x000001f740000000, reserved size: 335544320
Narrow klass base: 0x000001f72b000000, Narrow klass shift: 0, Narrow klass range: 0x100000000

GC Precious Log:
 CPUs: 12 total, 12 available
 Memory: 16052M
 Large Page Support: Disabled
 NUMA Support: Disabled
 Compressed Oops: Enabled (32-bit)
 Heap Region Size: 1M
 Heap Min Capacity: 256M
 Heap Initial Capacity: 256M
 Heap Max Capacity: 512M
 Pre-touch: Disabled
 Parallel Workers: 10
 Concurrent Workers: 3
 Concurrent Refinement Workers: 10
 Periodic GC: Disabled

Heap:
 garbage-first heap   total 262144K, used 113633K [0x00000000e0000000, 0x0000000100000000)
  region size 1024K, 101 young (103424K), 13 survivors (13312K)
 Metaspace       used 32683K, committed 33152K, reserved 393216K
  class space    used 4678K, committed 4928K, reserved 327680K

Heap Regions: E=young(eden), S=young(survivor), O=old, HS=humongous(starts), HC=humongous(continues), CS=collection set, F=free, OA=open archive, CA=closed archive, TAMS=top-at-mark-start (previous, next)
|   0|0x00000000e0000000, 0x00000000e0100000, 0x00000000e0100000|100%|HS|  |TAMS 0x00000000e0100000, 0x00000000e0000000| Complete 
|   1|0x00000000e0100000, 0x00000000e0200000, 0x00000000e0200000|100%|HC|  |TAMS 0x00000000e0200000, 0x00000000e0100000| Complete 
|   2|0x00000000e0200000, 0x00000000e0300000, 0x00000000e0300000|100%|HC|  |TAMS 0x00000000e0300000, 0x00000000e0200000| Complete 
|   3|0x00000000e0300000, 0x00000000e0400000, 0x00000000e0400000|100%|HC|  |TAMS 0x00000000e0400000, 0x00000000e0300000| Complete 
|   4|0x00000000e0400000, 0x00000000e0500000, 0x00000000e0500000|100%| O|  |TAMS 0x00000000e0500000, 0x00000000e0400000| Complete 
|   5|0x00000000e0500000, 0x00000000e0600000, 0x00000000e0600000|100%| O|  |TAMS 0x00000000e0600000, 0x00000000e0500000| Untracked 
|   6|0x00000000e0600000, 0x00000000e0700000, 0x00000000e0700000|100%| O|  |TAMS 0x00000000e0700000, 0x00000000e0600000| Untracked 
|   7|0x00000000e0700000, 0x00000000e0800000, 0x00000000e0800000|100%| O|  |TAMS 0x00000000e0800000, 0x00000000e0700000| Untracked 
|   8|0x00000000e0800000, 0x00000000e0900000, 0x00000000e0900000|100%| O|  |TAMS 0x00000000e0900000, 0x00000000e0800000| Untracked 
|   9|0x00000000e0900000, 0x00000000e0a00000, 0x00000000e0a00000|100%| O|  |TAMS 0x00000000e0a00000, 0x00000000e0900000| Untracked 
|  10|0x00000000e0a00000, 0x00000000e0a83c00, 0x00000000e0b00000| 51%| O|  |TAMS 0x00000000e0a83c00, 0x00000000e0a00000| Untracked 
|  11|0x00000000e0b00000, 0x00000000e0c00000, 0x00000000e0c00000|100%|HS|  |TAMS 0x00000000e0c00000, 0x00000000e0b00000| Complete 
|  12|0x00000000e0c00000, 0x00000000e0c00000, 0x00000000e0d00000|  0%| F|  |TAMS 0x00000000e0c00000, 0x00000000e0c00000| Untracked 
|  13|0x00000000e0d00000, 0x00000000e0d00000, 0x00000000e0e00000|  0%| F|  |TAMS 0x00000000e0d00000, 0x00000000e0d00000| Untracked 
|  14|0x00000000e0e00000, 0x00000000e0e00000, 0x00000000e0f00000|  0%| F|  |TAMS 0x00000000e0e00000, 0x00000000e0e00000| Untracked 
|  15|0x00000000e0f00000, 0x00000000e0f00000, 0x00000000e1000000|  0%| F|  |TAMS 0x00000000e0f00000, 0x00000000e0f00000| Untracked 
|  16|0x00000000e1000000, 0x00000000e1000000, 0x00000000e1100000|  0%| F|  |TAMS 0x00000000e1000000, 0x00000000e1000000| Untracked 
|  17|0x00000000e1100000, 0x00000000e1100000, 0x00000000e1200000|  0%| F|  |TAMS 0x00000000e1100000, 0x00000000e1100000| Untracked 
|  18|0x00000000e1200000, 0x00000000e1200000, 0x00000000e1300000|  0%| F|  |TAMS 0x00000000e1200000, 0x00000000e1200000| Untracked 
|  19|0x00000000e1300000, 0x00000000e1300000, 0x00000000e1400000|  0%| F|  |TAMS 0x00000000e1300000, 0x00000000e1300000| Untracked 
|  20|0x00000000e1400000, 0x00000000e1400000, 0x00000000e1500000|  0%| F|  |TAMS 0x00000000e1400000, 0x00000000e1400000| Untracked 
|  21|0x00000000e1500000, 0x00000000e1500000, 0x00000000e1600000|  0%| F|  |TAMS 0x00000000e1500000, 0x00000000e1500000| Untracked 
|  22|0x00000000e1600000, 0x00000000e1600000, 0x00000000e1700000|  0%| F|  |TAMS 0x00000000e1600000, 0x00000000e1600000| Untracked 
|  23|0x00000000e1700000, 0x00000000e1700000, 0x00000000e1800000|  0%| F|  |TAMS 0x00000000e1700000, 0x00000000e1700000| Untracked 
|  24|0x00000000e1800000, 0x00000000e1800000, 0x00000000e1900000|  0%| F|  |TAMS 0x00000000e1800000, 0x00000000e1800000| Untracked 
|  25|0x00000000e1900000, 0x00000000e1900000, 0x00000000e1a00000|  0%| F|  |TAMS 0x00000000e1900000, 0x00000000e1900000| Untracked 
|  26|0x00000000e1a00000, 0x00000000e1a00000, 0x00000000e1b00000|  0%| F|  |TAMS 0x00000000e1a00000, 0x00000000e1a00000| Untracked 
|  27|0x00000000e1b00000, 0x00000000e1b00000, 0x00000000e1c00000|  0%| F|  |TAMS 0x00000000e1b00000, 0x00000000e1b00000| Untracked 
|  28|0x00000000e1c00000, 0x00000000e1c00000, 0x00000000e1d00000|  0%| F|  |TAMS 0x00000000e1c00000, 0x00000000e1c00000| Untracked 
|  29|0x00000000e1d00000, 0x00000000e1d00000, 0x00000000e1e00000|  0%| F|  |TAMS 0x00000000e1d00000, 0x00000000e1d00000| Untracked 
|  30|0x00000000e1e00000, 0x00000000e1e00000, 0x00000000e1f00000|  0%| F|  |TAMS 0x00000000e1e00000, 0x00000000e1e00000| Untracked 
|  31|0x00000000e1f00000, 0x00000000e1f00000, 0x00000000e2000000|  0%| F|  |TAMS 0x00000000e1f00000, 0x00000000e1f00000| Untracked 
|  32|0x00000000e2000000, 0x00000000e2000000, 0x00000000e2100000|  0%| F|  |TAMS 0x00000000e2000000, 0x00000000e2000000| Untracked 
|  33|0x00000000e2100000, 0x00000000e2100000, 0x00000000e2200000|  0%| F|  |TAMS 0x00000000e2100000, 0x00000000e2100000| Untracked 
|  34|0x00000000e2200000, 0x00000000e2200000, 0x00000000e2300000|  0%| F|  |TAMS 0x00000000e2200000, 0x00000000e2200000| Untracked 
|  35|0x00000000e2300000, 0x00000000e2300000, 0x00000000e2400000|  0%| F|  |TAMS 0x00000000e2300000, 0x00000000e2300000| Untracked 
|  36|0x00000000e2400000, 0x00000000e2400000, 0x00000000e2500000|  0%| F|  |TAMS 0x00000000e2400000, 0x00000000e2400000| Untracked 
|  37|0x00000000e2500000, 0x00000000e2500000, 0x00000000e2600000|  0%| F|  |TAMS 0x00000000e2500000, 0x00000000e2500000| Untracked 
|  38|0x00000000e2600000, 0x00000000e2600000, 0x00000000e2700000|  0%| F|  |TAMS 0x00000000e2600000, 0x00000000e2600000| Untracked 
|  39|0x00000000e2700000, 0x00000000e2700000, 0x00000000e2800000|  0%| F|  |TAMS 0x00000000e2700000, 0x00000000e2700000| Untracked 
|  40|0x00000000e2800000, 0x00000000e2800000, 0x00000000e2900000|  0%| F|  |TAMS 0x00000000e2800000, 0x00000000e2800000| Untracked 
|  41|0x00000000e2900000, 0x00000000e2900000, 0x00000000e2a00000|  0%| F|  |TAMS 0x00000000e2900000, 0x00000000e2900000| Untracked 
|  42|0x00000000e2a00000, 0x00000000e2a00000, 0x00000000e2b00000|  0%| F|  |TAMS 0x00000000e2a00000, 0x00000000e2a00000| Untracked 
|  43|0x00000000e2b00000, 0x00000000e2b00000, 0x00000000e2c00000|  0%| F|  |TAMS 0x00000000e2b00000, 0x00000000e2b00000| Untracked 
|  44|0x00000000e2c00000, 0x00000000e2c00000, 0x00000000e2d00000|  0%| F|  |TAMS 0x00000000e2c00000, 0x00000000e2c00000| Untracked 
|  45|0x00000000e2d00000, 0x00000000e2d00000, 0x00000000e2e00000|  0%| F|  |TAMS 0x00000000e2d00000, 0x00000000e2d00000| Untracked 
|  46|0x00000000e2e00000, 0x00000000e2e00000, 0x00000000e2f00000|  0%| F|  |TAMS 0x00000000e2e00000, 0x00000000e2e00000| Untracked 
|  47|0x00000000e2f00000, 0x00000000e2f00000, 0x00000000e3000000|  0%| F|  |TAMS 0x00000000e2f00000, 0x00000000e2f00000| Untracked 
|  48|0x00000000e3000000, 0x00000000e3000000, 0x00000000e3100000|  0%| F|  |TAMS 0x00000000e3000000, 0x00000000e3000000| Untracked 
|  49|0x00000000e3100000, 0x00000000e3100000, 0x00000000e3200000|  0%| F|  |TAMS 0x00000000e3100000, 0x00000000e3100000| Untracked 
|  50|0x00000000e3200000, 0x00000000e3200000, 0x00000000e3300000|  0%| F|  |TAMS 0x00000000e3200000, 0x00000000e3200000| Untracked 
|  51|0x00000000e3300000, 0x00000000e3300000, 0x00000000e3400000|  0%| F|  |TAMS 0x00000000e3300000, 0x00000000e3300000| Untracked 
|  52|0x00000000e3400000, 0x00000000e3400000, 0x00000000e3500000|  0%| F|  |TAMS 0x00000000e3400000, 0x00000000e3400000| Untracked 
|  53|0x00000000e3500000, 0x00000000e3500000, 0x00000000e3600000|  0%| F|  |TAMS 0x00000000e3500000, 0x00000000e3500000| Untracked 
|  54|0x00000000e3600000, 0x00000000e3600000, 0x00000000e3700000|  0%| F|  |TAMS 0x00000000e3600000, 0x00000000e3600000| Untracked 
|  55|0x00000000e3700000, 0x00000000e3700000, 0x00000000e3800000|  0%| F|  |TAMS 0x00000000e3700000, 0x00000000e3700000| Untracked 
|  56|0x00000000e3800000, 0x00000000e3800000, 0x00000000e3900000|  0%| F|  |TAMS 0x00000000e3800000, 0x00000000e3800000| Untracked 
|  57|0x00000000e3900000, 0x00000000e3900000, 0x00000000e3a00000|  0%| F|  |TAMS 0x00000000e3900000, 0x00000000e3900000| Untracked 
|  58|0x00000000e3a00000, 0x00000000e3a00000, 0x00000000e3b00000|  0%| F|  |TAMS 0x00000000e3a00000, 0x00000000e3a00000| Untracked 
|  59|0x00000000e3b00000, 0x00000000e3b00000, 0x00000000e3c00000|  0%| F|  |TAMS 0x00000000e3b00000, 0x00000000e3b00000| Untracked 
|  60|0x00000000e3c00000, 0x00000000e3c00000, 0x00000000e3d00000|  0%| F|  |TAMS 0x00000000e3c00000, 0x00000000e3c00000| Untracked 
|  61|0x00000000e3d00000, 0x00000000e3d00000, 0x00000000e3e00000|  0%| F|  |TAMS 0x00000000e3d00000, 0x00000000e3d00000| Untracked 
|  62|0x00000000e3e00000, 0x00000000e3e00000, 0x00000000e3f00000|  0%| F|  |TAMS 0x00000000e3e00000, 0x00000000e3e00000| Untracked 
|  63|0x00000000e3f00000, 0x00000000e3f00000, 0x00000000e4000000|  0%| F|  |TAMS 0x00000000e3f00000, 0x00000000e3f00000| Untracked 
|  64|0x00000000e4000000, 0x00000000e4000000, 0x00000000e4100000|  0%| F|  |TAMS 0x00000000e4000000, 0x00000000e4000000| Untracked 
|  65|0x00000000e4100000, 0x00000000e4100000, 0x00000000e4200000|  0%| F|  |TAMS 0x00000000e4100000, 0x00000000e4100000| Untracked 
|  66|0x00000000e4200000, 0x00000000e4200000, 0x00000000e4300000|  0%| F|  |TAMS 0x00000000e4200000, 0x00000000e4200000| Untracked 
|  67|0x00000000e4300000, 0x00000000e4300000, 0x00000000e4400000|  0%| F|  |TAMS 0x00000000e4300000, 0x00000000e4300000| Untracked 
|  68|0x00000000e4400000, 0x00000000e4400000, 0x00000000e4500000|  0%| F|  |TAMS 0x00000000e4400000, 0x00000000e4400000| Untracked 
|  69|0x00000000e4500000, 0x00000000e4500000, 0x00000000e4600000|  0%| F|  |TAMS 0x00000000e4500000, 0x00000000e4500000| Untracked 
|  70|0x00000000e4600000, 0x00000000e4600000, 0x00000000e4700000|  0%| F|  |TAMS 0x00000000e4600000, 0x00000000e4600000| Untracked 
|  71|0x00000000e4700000, 0x00000000e4700000, 0x00000000e4800000|  0%| F|  |TAMS 0x00000000e4700000, 0x00000000e4700000| Untracked 
|  72|0x00000000e4800000, 0x00000000e4800000, 0x00000000e4900000|  0%| F|  |TAMS 0x00000000e4800000, 0x00000000e4800000| Untracked 
|  73|0x00000000e4900000, 0x00000000e4900000, 0x00000000e4a00000|  0%| F|  |TAMS 0x00000000e4900000, 0x00000000e4900000| Untracked 
|  74|0x00000000e4a00000, 0x00000000e4a00000, 0x00000000e4b00000|  0%| F|  |TAMS 0x00000000e4a00000, 0x00000000e4a00000| Untracked 
|  75|0x00000000e4b00000, 0x00000000e4b00000, 0x00000000e4c00000|  0%| F|  |TAMS 0x00000000e4b00000, 0x00000000e4b00000| Untracked 
|  76|0x00000000e4c00000, 0x00000000e4c00000, 0x00000000e4d00000|  0%| F|  |TAMS 0x00000000e4c00000, 0x00000000e4c00000| Untracked 
|  77|0x00000000e4d00000, 0x00000000e4d00000, 0x00000000e4e00000|  0%| F|  |TAMS 0x00000000e4d00000, 0x00000000e4d00000| Untracked 
|  78|0x00000000e4e00000, 0x00000000e4e00000, 0x00000000e4f00000|  0%| F|  |TAMS 0x00000000e4e00000, 0x00000000e4e00000| Untracked 
|  79|0x00000000e4f00000, 0x00000000e4f00000, 0x00000000e5000000|  0%| F|  |TAMS 0x00000000e4f00000, 0x00000000e4f00000| Untracked 
|  80|0x00000000e5000000, 0x00000000e5000000, 0x00000000e5100000|  0%| F|  |TAMS 0x00000000e5000000, 0x00000000e5000000| Untracked 
|  81|0x00000000e5100000, 0x00000000e5100000, 0x00000000e5200000|  0%| F|  |TAMS 0x00000000e5100000, 0x00000000e5100000| Untracked 
|  82|0x00000000e5200000, 0x00000000e5200000, 0x00000000e5300000|  0%| F|  |TAMS 0x00000000e5200000, 0x00000000e5200000| Untracked 
|  83|0x00000000e5300000, 0x00000000e5300000, 0x00000000e5400000|  0%| F|  |TAMS 0x00000000e5300000, 0x00000000e5300000| Untracked 
|  84|0x00000000e5400000, 0x00000000e5400000, 0x00000000e5500000|  0%| F|  |TAMS 0x00000000e5400000, 0x00000000e5400000| Untracked 
|  85|0x00000000e5500000, 0x00000000e5500000, 0x00000000e5600000|  0%| F|  |TAMS 0x00000000e5500000, 0x00000000e5500000| Untracked 
|  86|0x00000000e5600000, 0x00000000e5600000, 0x00000000e5700000|  0%| F|  |TAMS 0x00000000e5600000, 0x00000000e5600000| Untracked 
|  87|0x00000000e5700000, 0x00000000e5700000, 0x00000000e5800000|  0%| F|  |TAMS 0x00000000e5700000, 0x00000000e5700000| Untracked 
|  88|0x00000000e5800000, 0x00000000e5800000, 0x00000000e5900000|  0%| F|  |TAMS 0x00000000e5800000, 0x00000000e5800000| Untracked 
|  89|0x00000000e5900000, 0x00000000e5900000, 0x00000000e5a00000|  0%| F|  |TAMS 0x00000000e5900000, 0x00000000e5900000| Untracked 
|  90|0x00000000e5a00000, 0x00000000e5a00000, 0x00000000e5b00000|  0%| F|  |TAMS 0x00000000e5a00000, 0x00000000e5a00000| Untracked 
|  91|0x00000000e5b00000, 0x00000000e5b00000, 0x00000000e5c00000|  0%| F|  |TAMS 0x00000000e5b00000, 0x00000000e5b00000| Untracked 
|  92|0x00000000e5c00000, 0x00000000e5c00000, 0x00000000e5d00000|  0%| F|  |TAMS 0x00000000e5c00000, 0x00000000e5c00000| Untracked 
|  93|0x00000000e5d00000, 0x00000000e5d00000, 0x00000000e5e00000|  0%| F|  |TAMS 0x00000000e5d00000, 0x00000000e5d00000| Untracked 
|  94|0x00000000e5e00000, 0x00000000e5e00000, 0x00000000e5f00000|  0%| F|  |TAMS 0x00000000e5e00000, 0x00000000e5e00000| Untracked 
|  95|0x00000000e5f00000, 0x00000000e5f00000, 0x00000000e6000000|  0%| F|  |TAMS 0x00000000e5f00000, 0x00000000e5f00000| Untracked 
|  96|0x00000000e6000000, 0x00000000e6000000, 0x00000000e6100000|  0%| F|  |TAMS 0x00000000e6000000, 0x00000000e6000000| Untracked 
|  97|0x00000000e6100000, 0x00000000e6174a40, 0x00000000e6200000| 45%| S|CS|TAMS 0x00000000e6100000, 0x00000000e6100000| Complete 
|  98|0x00000000e6200000, 0x00000000e6300000, 0x00000000e6300000|100%| S|CS|TAMS 0x00000000e6200000, 0x00000000e6200000| Complete 
|  99|0x00000000e6300000, 0x00000000e6400000, 0x00000000e6400000|100%| S|CS|TAMS 0x00000000e6300000, 0x00000000e6300000| Complete 
| 100|0x00000000e6400000, 0x00000000e6500000, 0x00000000e6500000|100%| S|CS|TAMS 0x00000000e6400000, 0x00000000e6400000| Complete 
| 101|0x00000000e6500000, 0x00000000e6600000, 0x00000000e6600000|100%| S|CS|TAMS 0x00000000e6500000, 0x00000000e6500000| Complete 
| 102|0x00000000e6600000, 0x00000000e6700000, 0x00000000e6700000|100%| S|CS|TAMS 0x00000000e6600000, 0x00000000e6600000| Complete 
| 103|0x00000000e6700000, 0x00000000e6800000, 0x00000000e6800000|100%| S|CS|TAMS 0x00000000e6700000, 0x00000000e6700000| Complete 
| 104|0x00000000e6800000, 0x00000000e6900000, 0x00000000e6900000|100%| S|CS|TAMS 0x00000000e6800000, 0x00000000e6800000| Complete 
| 105|0x00000000e6900000, 0x00000000e6a00000, 0x00000000e6a00000|100%| S|CS|TAMS 0x00000000e6900000, 0x00000000e6900000| Complete 
| 106|0x00000000e6a00000, 0x00000000e6b00000, 0x00000000e6b00000|100%| S|CS|TAMS 0x00000000e6a00000, 0x00000000e6a00000| Complete 
| 107|0x00000000e6b00000, 0x00000000e6c00000, 0x00000000e6c00000|100%| S|CS|TAMS 0x00000000e6b00000, 0x00000000e6b00000| Complete 
| 108|0x00000000e6c00000, 0x00000000e6d00000, 0x00000000e6d00000|100%| S|CS|TAMS 0x00000000e6c00000, 0x00000000e6c00000| Complete 
| 109|0x00000000e6d00000, 0x00000000e6e00000, 0x00000000e6e00000|100%| S|CS|TAMS 0x00000000e6d00000, 0x00000000e6d00000| Complete 
| 110|0x00000000e6e00000, 0x00000000e6e00000, 0x00000000e6f00000|  0%| F|  |TAMS 0x00000000e6e00000, 0x00000000e6e00000| Untracked 
| 111|0x00000000e6f00000, 0x00000000e6f00000, 0x00000000e7000000|  0%| F|  |TAMS 0x00000000e6f00000, 0x00000000e6f00000| Untracked 
| 112|0x00000000e7000000, 0x00000000e7000000, 0x00000000e7100000|  0%| F|  |TAMS 0x00000000e7000000, 0x00000000e7000000| Untracked 
| 113|0x00000000e7100000, 0x00000000e7100000, 0x00000000e7200000|  0%| F|  |TAMS 0x00000000e7100000, 0x00000000e7100000| Untracked 
| 114|0x00000000e7200000, 0x00000000e7200000, 0x00000000e7300000|  0%| F|  |TAMS 0x00000000e7200000, 0x00000000e7200000| Untracked 
| 115|0x00000000e7300000, 0x00000000e7300000, 0x00000000e7400000|  0%| F|  |TAMS 0x00000000e7300000, 0x00000000e7300000| Untracked 
| 116|0x00000000e7400000, 0x00000000e7400000, 0x00000000e7500000|  0%| F|  |TAMS 0x00000000e7400000, 0x00000000e7400000| Untracked 
| 117|0x00000000e7500000, 0x00000000e7500000, 0x00000000e7600000|  0%| F|  |TAMS 0x00000000e7500000, 0x00000000e7500000| Untracked 
| 118|0x00000000e7600000, 0x00000000e7600000, 0x00000000e7700000|  0%| F|  |TAMS 0x00000000e7600000, 0x00000000e7600000| Untracked 
| 119|0x00000000e7700000, 0x00000000e7700000, 0x00000000e7800000|  0%| F|  |TAMS 0x00000000e7700000, 0x00000000e7700000| Untracked 
| 120|0x00000000e7800000, 0x00000000e7800000, 0x00000000e7900000|  0%| F|  |TAMS 0x00000000e7800000, 0x00000000e7800000| Untracked 
| 121|0x00000000e7900000, 0x00000000e7900000, 0x00000000e7a00000|  0%| F|  |TAMS 0x00000000e7900000, 0x00000000e7900000| Untracked 
| 122|0x00000000e7a00000, 0x00000000e7a00000, 0x00000000e7b00000|  0%| F|  |TAMS 0x00000000e7a00000, 0x00000000e7a00000| Untracked 
| 123|0x00000000e7b00000, 0x00000000e7b00000, 0x00000000e7c00000|  0%| F|  |TAMS 0x00000000e7b00000, 0x00000000e7b00000| Untracked 
| 124|0x00000000e7c00000, 0x00000000e7c00000, 0x00000000e7d00000|  0%| F|  |TAMS 0x00000000e7c00000, 0x00000000e7c00000| Untracked 
| 125|0x00000000e7d00000, 0x00000000e7d00000, 0x00000000e7e00000|  0%| F|  |TAMS 0x00000000e7d00000, 0x00000000e7d00000| Untracked 
| 126|0x00000000e7e00000, 0x00000000e7e00000, 0x00000000e7f00000|  0%| F|  |TAMS 0x00000000e7e00000, 0x00000000e7e00000| Untracked 
| 127|0x00000000e7f00000, 0x00000000e7f00000, 0x00000000e8000000|  0%| F|  |TAMS 0x00000000e7f00000, 0x00000000e7f00000| Untracked 
| 128|0x00000000e8000000, 0x00000000e8000000, 0x00000000e8100000|  0%| F|  |TAMS 0x00000000e8000000, 0x00000000e8000000| Untracked 
| 129|0x00000000e8100000, 0x00000000e8100000, 0x00000000e8200000|  0%| F|  |TAMS 0x00000000e8100000, 0x00000000e8100000| Untracked 
| 130|0x00000000e8200000, 0x00000000e8200000, 0x00000000e8300000|  0%| F|  |TAMS 0x00000000e8200000, 0x00000000e8200000| Untracked 
| 131|0x00000000e8300000, 0x00000000e8300000, 0x00000000e8400000|  0%| F|  |TAMS 0x00000000e8300000, 0x00000000e8300000| Untracked 
| 132|0x00000000e8400000, 0x00000000e8400000, 0x00000000e8500000|  0%| F|  |TAMS 0x00000000e8400000, 0x00000000e8400000| Untracked 
| 133|0x00000000e8500000, 0x00000000e8500000, 0x00000000e8600000|  0%| F|  |TAMS 0x00000000e8500000, 0x00000000e8500000| Untracked 
| 134|0x00000000e8600000, 0x00000000e8600000, 0x00000000e8700000|  0%| F|  |TAMS 0x00000000e8600000, 0x00000000e8600000| Untracked 
| 135|0x00000000e8700000, 0x00000000e8700000, 0x00000000e8800000|  0%| F|  |TAMS 0x00000000e8700000, 0x00000000e8700000| Untracked 
| 136|0x00000000e8800000, 0x00000000e8800000, 0x00000000e8900000|  0%| F|  |TAMS 0x00000000e8800000, 0x00000000e8800000| Untracked 
| 137|0x00000000e8900000, 0x00000000e8900000, 0x00000000e8a00000|  0%| F|  |TAMS 0x00000000e8900000, 0x00000000e8900000| Untracked 
| 138|0x00000000e8a00000, 0x00000000e8a00000, 0x00000000e8b00000|  0%| F|  |TAMS 0x00000000e8a00000, 0x00000000e8a00000| Untracked 
| 139|0x00000000e8b00000, 0x00000000e8b00000, 0x00000000e8c00000|  0%| F|  |TAMS 0x00000000e8b00000, 0x00000000e8b00000| Untracked 
| 140|0x00000000e8c00000, 0x00000000e8c00000, 0x00000000e8d00000|  0%| F|  |TAMS 0x00000000e8c00000, 0x00000000e8c00000| Untracked 
| 141|0x00000000e8d00000, 0x00000000e8d00000, 0x00000000e8e00000|  0%| F|  |TAMS 0x00000000e8d00000, 0x00000000e8d00000| Untracked 
| 142|0x00000000e8e00000, 0x00000000e8e00000, 0x00000000e8f00000|  0%| F|  |TAMS 0x00000000e8e00000, 0x00000000e8e00000| Untracked 
| 143|0x00000000e8f00000, 0x00000000e8f00000, 0x00000000e9000000|  0%| F|  |TAMS 0x00000000e8f00000, 0x00000000e8f00000| Untracked 
| 144|0x00000000e9000000, 0x00000000e9000000, 0x00000000e9100000|  0%| F|  |TAMS 0x00000000e9000000, 0x00000000e9000000| Untracked 
| 145|0x00000000e9100000, 0x00000000e9100000, 0x00000000e9200000|  0%| F|  |TAMS 0x00000000e9100000, 0x00000000e9100000| Untracked 
| 146|0x00000000e9200000, 0x00000000e9200000, 0x00000000e9300000|  0%| F|  |TAMS 0x00000000e9200000, 0x00000000e9200000| Untracked 
| 147|0x00000000e9300000, 0x00000000e9300000, 0x00000000e9400000|  0%| F|  |TAMS 0x00000000e9300000, 0x00000000e9300000| Untracked 
| 148|0x00000000e9400000, 0x00000000e9400000, 0x00000000e9500000|  0%| F|  |TAMS 0x00000000e9400000, 0x00000000e9400000| Untracked 
| 149|0x00000000e9500000, 0x00000000e9500000, 0x00000000e9600000|  0%| F|  |TAMS 0x00000000e9500000, 0x00000000e9500000| Untracked 
| 150|0x00000000e9600000, 0x00000000e9600000, 0x00000000e9700000|  0%| F|  |TAMS 0x00000000e9600000, 0x00000000e9600000| Untracked 
| 151|0x00000000e9700000, 0x00000000e9700000, 0x00000000e9800000|  0%| F|  |TAMS 0x00000000e9700000, 0x00000000e9700000| Untracked 
| 152|0x00000000e9800000, 0x00000000e9800000, 0x00000000e9900000|  0%| F|  |TAMS 0x00000000e9800000, 0x00000000e9800000| Untracked 
| 153|0x00000000e9900000, 0x00000000e9900000, 0x00000000e9a00000|  0%| F|  |TAMS 0x00000000e9900000, 0x00000000e9900000| Untracked 
| 154|0x00000000e9a00000, 0x00000000e9a00000, 0x00000000e9b00000|  0%| F|  |TAMS 0x00000000e9a00000, 0x00000000e9a00000| Untracked 
| 155|0x00000000e9b00000, 0x00000000e9b00000, 0x00000000e9c00000|  0%| F|  |TAMS 0x00000000e9b00000, 0x00000000e9b00000| Untracked 
| 156|0x00000000e9c00000, 0x00000000e9c00000, 0x00000000e9d00000|  0%| F|  |TAMS 0x00000000e9c00000, 0x00000000e9c00000| Untracked 
| 157|0x00000000e9d00000, 0x00000000e9d00000, 0x00000000e9e00000|  0%| F|  |TAMS 0x00000000e9d00000, 0x00000000e9d00000| Untracked 
| 158|0x00000000e9e00000, 0x00000000e9e00000, 0x00000000e9f00000|  0%| F|  |TAMS 0x00000000e9e00000, 0x00000000e9e00000| Untracked 
| 159|0x00000000e9f00000, 0x00000000e9f00000, 0x00000000ea000000|  0%| F|  |TAMS 0x00000000e9f00000, 0x00000000e9f00000| Untracked 
| 160|0x00000000ea000000, 0x00000000ea000000, 0x00000000ea100000|  0%| F|  |TAMS 0x00000000ea000000, 0x00000000ea000000| Untracked 
| 161|0x00000000ea100000, 0x00000000ea100000, 0x00000000ea200000|  0%| F|  |TAMS 0x00000000ea100000, 0x00000000ea100000| Untracked 
| 162|0x00000000ea200000, 0x00000000ea200000, 0x00000000ea300000|  0%| F|  |TAMS 0x00000000ea200000, 0x00000000ea200000| Untracked 
| 163|0x00000000ea300000, 0x00000000ea300000, 0x00000000ea400000|  0%| F|  |TAMS 0x00000000ea300000, 0x00000000ea300000| Untracked 
| 164|0x00000000ea400000, 0x00000000ea400000, 0x00000000ea500000|  0%| F|  |TAMS 0x00000000ea400000, 0x00000000ea400000| Untracked 
| 165|0x00000000ea500000, 0x00000000ea500000, 0x00000000ea600000|  0%| F|  |TAMS 0x00000000ea500000, 0x00000000ea500000| Untracked 
| 166|0x00000000ea600000, 0x00000000ea600000, 0x00000000ea700000|  0%| F|  |TAMS 0x00000000ea600000, 0x00000000ea600000| Untracked 
| 167|0x00000000ea700000, 0x00000000ea700000, 0x00000000ea800000|  0%| F|  |TAMS 0x00000000ea700000, 0x00000000ea700000| Untracked 
| 168|0x00000000ea800000, 0x00000000ea8832c0, 0x00000000ea900000| 51%| E|  |TAMS 0x00000000ea800000, 0x00000000ea800000| Complete 
| 169|0x00000000ea900000, 0x00000000eaa00000, 0x00000000eaa00000|100%| E|CS|TAMS 0x00000000ea900000, 0x00000000ea900000| Complete 
| 170|0x00000000eaa00000, 0x00000000eab00000, 0x00000000eab00000|100%| E|CS|TAMS 0x00000000eaa00000, 0x00000000eaa00000| Complete 
| 171|0x00000000eab00000, 0x00000000eac00000, 0x00000000eac00000|100%| E|CS|TAMS 0x00000000eab00000, 0x00000000eab00000| Complete 
| 172|0x00000000eac00000, 0x00000000ead00000, 0x00000000ead00000|100%| E|CS|TAMS 0x00000000eac00000, 0x00000000eac00000| Complete 
| 173|0x00000000ead00000, 0x00000000eae00000, 0x00000000eae00000|100%| E|CS|TAMS 0x00000000ead00000, 0x00000000ead00000| Complete 
| 174|0x00000000eae00000, 0x00000000eaf00000, 0x00000000eaf00000|100%| E|CS|TAMS 0x00000000eae00000, 0x00000000eae00000| Complete 
| 175|0x00000000eaf00000, 0x00000000eb000000, 0x00000000eb000000|100%| E|CS|TAMS 0x00000000eaf00000, 0x00000000eaf00000| Complete 
| 176|0x00000000eb000000, 0x00000000eb100000, 0x00000000eb100000|100%| E|CS|TAMS 0x00000000eb000000, 0x00000000eb000000| Complete 
| 177|0x00000000eb100000, 0x00000000eb200000, 0x00000000eb200000|100%| E|CS|TAMS 0x00000000eb100000, 0x00000000eb100000| Complete 
| 178|0x00000000eb200000, 0x00000000eb300000, 0x00000000eb300000|100%| E|CS|TAMS 0x00000000eb200000, 0x00000000eb200000| Complete 
| 179|0x00000000eb300000, 0x00000000eb400000, 0x00000000eb400000|100%| E|CS|TAMS 0x00000000eb300000, 0x00000000eb300000| Complete 
| 180|0x00000000eb400000, 0x00000000eb500000, 0x00000000eb500000|100%| E|CS|TAMS 0x00000000eb400000, 0x00000000eb400000| Complete 
| 181|0x00000000eb500000, 0x00000000eb600000, 0x00000000eb600000|100%| E|CS|TAMS 0x00000000eb500000, 0x00000000eb500000| Complete 
| 182|0x00000000eb600000, 0x00000000eb700000, 0x00000000eb700000|100%| E|CS|TAMS 0x00000000eb600000, 0x00000000eb600000| Complete 
| 183|0x00000000eb700000, 0x00000000eb800000, 0x00000000eb800000|100%| E|CS|TAMS 0x00000000eb700000, 0x00000000eb700000| Complete 
| 184|0x00000000eb800000, 0x00000000eb900000, 0x00000000eb900000|100%| E|CS|TAMS 0x00000000eb800000, 0x00000000eb800000| Complete 
| 185|0x00000000eb900000, 0x00000000eba00000, 0x00000000eba00000|100%| E|CS|TAMS 0x00000000eb900000, 0x00000000eb900000| Complete 
| 186|0x00000000eba00000, 0x00000000ebb00000, 0x00000000ebb00000|100%| E|CS|TAMS 0x00000000eba00000, 0x00000000eba00000| Complete 
| 187|0x00000000ebb00000, 0x00000000ebc00000, 0x00000000ebc00000|100%| E|CS|TAMS 0x00000000ebb00000, 0x00000000ebb00000| Complete 
| 188|0x00000000ebc00000, 0x00000000ebd00000, 0x00000000ebd00000|100%| E|CS|TAMS 0x00000000ebc00000, 0x00000000ebc00000| Complete 
| 189|0x00000000ebd00000, 0x00000000ebe00000, 0x00000000ebe00000|100%| E|CS|TAMS 0x00000000ebd00000, 0x00000000ebd00000| Complete 
| 190|0x00000000ebe00000, 0x00000000ebf00000, 0x00000000ebf00000|100%| E|CS|TAMS 0x00000000ebe00000, 0x00000000ebe00000| Complete 
| 191|0x00000000ebf00000, 0x00000000ec000000, 0x00000000ec000000|100%| E|CS|TAMS 0x00000000ebf00000, 0x00000000ebf00000| Complete 
| 192|0x00000000ec000000, 0x00000000ec100000, 0x00000000ec100000|100%| E|CS|TAMS 0x00000000ec000000, 0x00000000ec000000| Complete 
| 193|0x00000000ec100000, 0x00000000ec200000, 0x00000000ec200000|100%| E|CS|TAMS 0x00000000ec100000, 0x00000000ec100000| Complete 
| 194|0x00000000ec200000, 0x00000000ec300000, 0x00000000ec300000|100%| E|CS|TAMS 0x00000000ec200000, 0x00000000ec200000| Complete 
| 195|0x00000000ec300000, 0x00000000ec400000, 0x00000000ec400000|100%| E|CS|TAMS 0x00000000ec300000, 0x00000000ec300000| Complete 
| 196|0x00000000ec400000, 0x00000000ec500000, 0x00000000ec500000|100%| E|CS|TAMS 0x00000000ec400000, 0x00000000ec400000| Complete 
| 197|0x00000000ec500000, 0x00000000ec600000, 0x00000000ec600000|100%| E|CS|TAMS 0x00000000ec500000, 0x00000000ec500000| Complete 
| 198|0x00000000ec600000, 0x00000000ec700000, 0x00000000ec700000|100%| E|CS|TAMS 0x00000000ec600000, 0x00000000ec600000| Complete 
| 199|0x00000000ec700000, 0x00000000ec800000, 0x00000000ec800000|100%| E|CS|TAMS 0x00000000ec700000, 0x00000000ec700000| Complete 
| 200|0x00000000ec800000, 0x00000000ec900000, 0x00000000ec900000|100%| E|CS|TAMS 0x00000000ec800000, 0x00000000ec800000| Complete 
| 201|0x00000000ec900000, 0x00000000eca00000, 0x00000000eca00000|100%| E|CS|TAMS 0x00000000ec900000, 0x00000000ec900000| Complete 
| 202|0x00000000eca00000, 0x00000000ecb00000, 0x00000000ecb00000|100%| E|CS|TAMS 0x00000000eca00000, 0x00000000eca00000| Complete 
| 203|0x00000000ecb00000, 0x00000000ecc00000, 0x00000000ecc00000|100%| E|CS|TAMS 0x00000000ecb00000, 0x00000000ecb00000| Complete 
| 204|0x00000000ecc00000, 0x00000000ecd00000, 0x00000000ecd00000|100%| E|CS|TAMS 0x00000000ecc00000, 0x00000000ecc00000| Complete 
| 205|0x00000000ecd00000, 0x00000000ece00000, 0x00000000ece00000|100%| E|CS|TAMS 0x00000000ecd00000, 0x00000000ecd00000| Complete 
| 206|0x00000000ece00000, 0x00000000ecf00000, 0x00000000ecf00000|100%| E|CS|TAMS 0x00000000ece00000, 0x00000000ece00000| Complete 
| 207|0x00000000ecf00000, 0x00000000ed000000, 0x00000000ed000000|100%| E|CS|TAMS 0x00000000ecf00000, 0x00000000ecf00000| Complete 
| 208|0x00000000ed000000, 0x00000000ed100000, 0x00000000ed100000|100%| E|CS|TAMS 0x00000000ed000000, 0x00000000ed000000| Complete 
| 209|0x00000000ed100000, 0x00000000ed200000, 0x00000000ed200000|100%| E|CS|TAMS 0x00000000ed100000, 0x00000000ed100000| Complete 
| 210|0x00000000ed200000, 0x00000000ed300000, 0x00000000ed300000|100%| E|CS|TAMS 0x00000000ed200000, 0x00000000ed200000| Complete 
| 211|0x00000000ed300000, 0x00000000ed400000, 0x00000000ed400000|100%| E|CS|TAMS 0x00000000ed300000, 0x00000000ed300000| Complete 
| 212|0x00000000ed400000, 0x00000000ed500000, 0x00000000ed500000|100%| E|CS|TAMS 0x00000000ed400000, 0x00000000ed400000| Complete 
| 213|0x00000000ed500000, 0x00000000ed600000, 0x00000000ed600000|100%| E|CS|TAMS 0x00000000ed500000, 0x00000000ed500000| Complete 
| 214|0x00000000ed600000, 0x00000000ed700000, 0x00000000ed700000|100%| E|CS|TAMS 0x00000000ed600000, 0x00000000ed600000| Complete 
| 215|0x00000000ed700000, 0x00000000ed800000, 0x00000000ed800000|100%| E|CS|TAMS 0x00000000ed700000, 0x00000000ed700000| Complete 
| 216|0x00000000ed800000, 0x00000000ed900000, 0x00000000ed900000|100%| E|CS|TAMS 0x00000000ed800000, 0x00000000ed800000| Complete 
| 217|0x00000000ed900000, 0x00000000eda00000, 0x00000000eda00000|100%| E|CS|TAMS 0x00000000ed900000, 0x00000000ed900000| Complete 
| 218|0x00000000eda00000, 0x00000000edb00000, 0x00000000edb00000|100%| E|CS|TAMS 0x00000000eda00000, 0x00000000eda00000| Complete 
| 219|0x00000000edb00000, 0x00000000edc00000, 0x00000000edc00000|100%| E|CS|TAMS 0x00000000edb00000, 0x00000000edb00000| Complete 
| 220|0x00000000edc00000, 0x00000000edd00000, 0x00000000edd00000|100%| E|CS|TAMS 0x00000000edc00000, 0x00000000edc00000| Complete 
| 221|0x00000000edd00000, 0x00000000ede00000, 0x00000000ede00000|100%| E|CS|TAMS 0x00000000edd00000, 0x00000000edd00000| Complete 
| 222|0x00000000ede00000, 0x00000000edf00000, 0x00000000edf00000|100%| E|CS|TAMS 0x00000000ede00000, 0x00000000ede00000| Complete 
| 223|0x00000000edf00000, 0x00000000ee000000, 0x00000000ee000000|100%| E|CS|TAMS 0x00000000edf00000, 0x00000000edf00000| Complete 
| 224|0x00000000ee000000, 0x00000000ee100000, 0x00000000ee100000|100%| E|CS|TAMS 0x00000000ee000000, 0x00000000ee000000| Complete 
| 225|0x00000000ee100000, 0x00000000ee200000, 0x00000000ee200000|100%| E|CS|TAMS 0x00000000ee100000, 0x00000000ee100000| Complete 
| 226|0x00000000ee200000, 0x00000000ee300000, 0x00000000ee300000|100%| E|CS|TAMS 0x00000000ee200000, 0x00000000ee200000| Complete 
| 227|0x00000000ee300000, 0x00000000ee400000, 0x00000000ee400000|100%| E|CS|TAMS 0x00000000ee300000, 0x00000000ee300000| Complete 
| 228|0x00000000ee400000, 0x00000000ee500000, 0x00000000ee500000|100%| E|CS|TAMS 0x00000000ee400000, 0x00000000ee400000| Complete 
| 229|0x00000000ee500000, 0x00000000ee600000, 0x00000000ee600000|100%| E|CS|TAMS 0x00000000ee500000, 0x00000000ee500000| Complete 
| 230|0x00000000ee600000, 0x00000000ee700000, 0x00000000ee700000|100%| E|CS|TAMS 0x00000000ee600000, 0x00000000ee600000| Complete 
| 231|0x00000000ee700000, 0x00000000ee800000, 0x00000000ee800000|100%| E|CS|TAMS 0x00000000ee700000, 0x00000000ee700000| Complete 
| 232|0x00000000ee800000, 0x00000000ee900000, 0x00000000ee900000|100%| E|CS|TAMS 0x00000000ee800000, 0x00000000ee800000| Complete 
| 233|0x00000000ee900000, 0x00000000eea00000, 0x00000000eea00000|100%| E|CS|TAMS 0x00000000ee900000, 0x00000000ee900000| Complete 
| 234|0x00000000eea00000, 0x00000000eeb00000, 0x00000000eeb00000|100%| E|CS|TAMS 0x00000000eea00000, 0x00000000eea00000| Complete 
| 235|0x00000000eeb00000, 0x00000000eec00000, 0x00000000eec00000|100%| E|CS|TAMS 0x00000000eeb00000, 0x00000000eeb00000| Complete 
| 236|0x00000000eec00000, 0x00000000eed00000, 0x00000000eed00000|100%| E|CS|TAMS 0x00000000eec00000, 0x00000000eec00000| Complete 
| 237|0x00000000eed00000, 0x00000000eee00000, 0x00000000eee00000|100%| E|CS|TAMS 0x00000000eed00000, 0x00000000eed00000| Complete 
| 238|0x00000000eee00000, 0x00000000eef00000, 0x00000000eef00000|100%| E|CS|TAMS 0x00000000eee00000, 0x00000000eee00000| Complete 
| 239|0x00000000eef00000, 0x00000000ef000000, 0x00000000ef000000|100%| E|CS|TAMS 0x00000000eef00000, 0x00000000eef00000| Complete 
| 240|0x00000000ef000000, 0x00000000ef100000, 0x00000000ef100000|100%| E|CS|TAMS 0x00000000ef000000, 0x00000000ef000000| Complete 
| 241|0x00000000ef100000, 0x00000000ef200000, 0x00000000ef200000|100%| E|CS|TAMS 0x00000000ef100000, 0x00000000ef100000| Complete 
| 242|0x00000000ef200000, 0x00000000ef300000, 0x00000000ef300000|100%| E|CS|TAMS 0x00000000ef200000, 0x00000000ef200000| Complete 
| 243|0x00000000ef300000, 0x00000000ef400000, 0x00000000ef400000|100%| E|CS|TAMS 0x00000000ef300000, 0x00000000ef300000| Complete 
| 244|0x00000000ef400000, 0x00000000ef500000, 0x00000000ef500000|100%| E|CS|TAMS 0x00000000ef400000, 0x00000000ef400000| Complete 
| 245|0x00000000ef500000, 0x00000000ef600000, 0x00000000ef600000|100%| E|CS|TAMS 0x00000000ef500000, 0x00000000ef500000| Complete 
| 246|0x00000000ef600000, 0x00000000ef700000, 0x00000000ef700000|100%| E|CS|TAMS 0x00000000ef600000, 0x00000000ef600000| Complete 
| 247|0x00000000ef700000, 0x00000000ef800000, 0x00000000ef800000|100%| E|CS|TAMS 0x00000000ef700000, 0x00000000ef700000| Complete 
| 248|0x00000000ef800000, 0x00000000ef900000, 0x00000000ef900000|100%| E|CS|TAMS 0x00000000ef800000, 0x00000000ef800000| Complete 
| 249|0x00000000ef900000, 0x00000000efa00000, 0x00000000efa00000|100%| E|CS|TAMS 0x00000000ef900000, 0x00000000ef900000| Complete 
| 250|0x00000000efa00000, 0x00000000efb00000, 0x00000000efb00000|100%| E|CS|TAMS 0x00000000efa00000, 0x00000000efa00000| Complete 
| 251|0x00000000efb00000, 0x00000000efc00000, 0x00000000efc00000|100%| E|CS|TAMS 0x00000000efb00000, 0x00000000efb00000| Complete 
| 252|0x00000000efc00000, 0x00000000efd00000, 0x00000000efd00000|100%| E|CS|TAMS 0x00000000efc00000, 0x00000000efc00000| Complete 
| 253|0x00000000efd00000, 0x00000000efe00000, 0x00000000efe00000|100%| E|CS|TAMS 0x00000000efd00000, 0x00000000efd00000| Complete 
| 254|0x00000000efe00000, 0x00000000eff00000, 0x00000000eff00000|100%| E|CS|TAMS 0x00000000efe00000, 0x00000000efe00000| Complete 
| 255|0x00000000eff00000, 0x00000000f0000000, 0x00000000f0000000|100%| E|CS|TAMS 0x00000000eff00000, 0x00000000eff00000| Complete 

Card table byte_map: [0x000001f727110000,0x000001f727210000] _byte_map_base: 0x000001f726a10000

Marking Bits (Prev, Next): (CMBitMap*) 0x000001f710234650, (CMBitMap*) 0x000001f710234610
 Prev Bits: [0x000001f727b10000, 0x000001f728310000)
 Next Bits: [0x000001f727310000, 0x000001f727b10000)

Polling page: 0x000001f70e190000

Metaspace:

Usage:
  Non-class:     27.35 MB used.
      Class:      4.57 MB used.
       Both:     31.92 MB used.

Virtual space:
  Non-class space:       64.00 MB reserved,      27.56 MB ( 43%) committed,  1 nodes.
      Class space:      320.00 MB reserved,       4.81 MB (  2%) committed,  1 nodes.
             Both:      384.00 MB reserved,      32.38 MB (  8%) committed. 

Chunk freelists:
   Non-Class:  4.47 MB
       Class:  11.23 MB
        Both:  15.70 MB

MaxMetaspaceSize: 384.00 MB
CompressedClassSpaceSize: 320.00 MB
Initial GC threshold: 21.00 MB
Current GC threshold: 35.62 MB
CDS: on
MetaspaceReclaimPolicy: balanced
 - commit_granule_bytes: 65536.
 - commit_granule_words: 8192.
 - virtual_space_node_default_size: 8388608.
 - enlarge_chunks_in_place: 1.
 - new_chunks_are_fully_committed: 0.
 - uncommit_free_chunks: 1.
 - use_allocation_guard: 0.
 - handle_deallocations: 1.


Internal statistics:

num_allocs_failed_limit: 8.
num_arena_births: 466.
num_arena_deaths: 0.
num_vsnodes_births: 2.
num_vsnodes_deaths: 0.
num_space_committed: 518.
num_space_uncommitted: 0.
num_chunks_returned_to_freelist: 8.
num_chunks_taken_from_freelist: 1762.
num_chunk_merges: 3.
num_chunk_splits: 1110.
num_chunks_enlarged: 728.
num_inconsistent_stats: 0.

CodeHeap 'non-profiled nmethods': size=120000Kb used=2260Kb max_used=2260Kb free=117739Kb
 bounds [0x000001f71f590000, 0x000001f71f800000, 0x000001f726ac0000]
CodeHeap 'profiled nmethods': size=120000Kb used=8496Kb max_used=8496Kb free=111503Kb
 bounds [0x000001f717ac0000, 0x000001f718310000, 0x000001f71eff0000]
CodeHeap 'non-nmethods': size=5760Kb used=1259Kb max_used=1302Kb free=4500Kb
 bounds [0x000001f71eff0000, 0x000001f71f260000, 0x000001f71f590000]
 total_blobs=4684 nmethods=4114 adapters=482
 compilation: enabled
              stopped_count=0, restarted_count=0
 full_count=0

Compilation events (20 events):
Event: 40.401 Thread 0x000001f72afa2be0 nmethod 4057 0x000001f7182e5f90 code [0x000001f7182e6160, 0x000001f7182e65d8]
Event: 40.401 Thread 0x000001f72afa2be0 4058       3       org.codehaus.groovy.util.ReferenceType$SoftRef::<init> (12 bytes)
Event: 40.401 Thread 0x000001f72afa2be0 nmethod 4058 0x000001f7182e6790 code [0x000001f7182e6940, 0x000001f7182e6cf8]
Event: 40.401 Thread 0x000001f72afa2be0 4059       3       java.util.concurrent.atomic.AtomicInteger::<init> (5 bytes)
Event: 40.401 Thread 0x000001f72afa2be0 nmethod 4059 0x000001f7182e6e10 code [0x000001f7182e6fc0, 0x000001f7182e7178]
Event: 40.404 Thread 0x000001f72afa2be0 4060       3       java.util.WeakHashMap::get (75 bytes)
Event: 40.405 Thread 0x000001f7446e2b80 4062       4       java.lang.Object::<init> (1 bytes)
Event: 40.405 Thread 0x000001f72afa2be0 nmethod 4060 0x000001f7182e7290 code [0x000001f7182e74c0, 0x000001f7182e7d98]
Event: 40.405 Thread 0x000001f72afa2be0 4061       3       org.codehaus.groovy.reflection.CachedClass::getInterfaces (11 bytes)
Event: 40.405 Thread 0x000001f7446e2b80 nmethod 4062 0x000001f71f7c3890 code [0x000001f71f7c3a00, 0x000001f71f7c3ab8]
Event: 40.405 Thread 0x000001f72afa2be0 nmethod 4061 0x000001f7182e8110 code [0x000001f7182e82c0, 0x000001f7182e85a8]
Event: 40.405 Thread 0x000001f72afa2be0 4063       3       java.util.stream.Sink$ChainedReference::<init> (16 bytes)
Event: 40.406 Thread 0x000001f72afa2be0 nmethod 4063 0x000001f7182e8690 code [0x000001f7182e8860, 0x000001f7182e8ca8]
Event: 40.406 Thread 0x000001f72afa2be0 4065       3       java.lang.Class::privateGetPublicMethods (224 bytes)
Event: 40.407 Thread 0x000001f72afa2be0 nmethod 4065 0x000001f7182e8e10 code [0x000001f7182e90e0, 0x000001f7182e9df8]
Event: 40.407 Thread 0x000001f72afa2be0 4064       1       java.util.stream.Collectors$CollectorImpl::finisher (5 bytes)
Event: 40.407 Thread 0x000001f72afa2be0 nmethod 4064 0x000001f71f7c3b90 code [0x000001f71f7c3d20, 0x000001f71f7c3df8]
Event: 40.408 Thread 0x000001f72afa2be0 4066       3       org.codehaus.groovy.reflection.CachedClass::getCachedSuperClass (11 bytes)
Event: 40.410 Thread 0x000001f7446e2b80 4068       4       java.lang.reflect.Method::getParameterTypes (11 bytes)
Event: 40.411 Thread 0x000001f7446e2b80 nmethod 4068 0x000001f71f7c3e90 code [0x000001f71f7c4020, 0x000001f71f7c4178]

GC Heap History (6 events):
Event: 2.127 GC heap before
{Heap before GC invocations=0 (full 0):
 garbage-first heap   total 262144K, used 26624K [0x00000000e0000000, 0x0000000100000000)
  region size 1024K, 23 young (23552K), 0 survivors (0K)
 Metaspace       used 1119K, committed 1280K, reserved 393216K
  class space    used 78K, committed 128K, reserved 327680K
}
Event: 2.987 GC heap after
{Heap after GC invocations=1 (full 0):
 garbage-first heap   total 262144K, used 10818K [0x00000000e0000000, 0x0000000100000000)
  region size 1024K, 3 young (3072K), 3 survivors (3072K)
 Metaspace       used 1119K, committed 1280K, reserved 393216K
  class space    used 78K, committed 128K, reserved 327680K
}
Event: 4.129 GC heap before
{Heap before GC invocations=1 (full 0):
 garbage-first heap   total 262144K, used 40514K [0x00000000e0000000, 0x0000000100000000)
  region size 1024K, 32 young (32768K), 3 survivors (3072K)
 Metaspace       used 4265K, committed 4480K, reserved 393216K
  class space    used 534K, committed 640K, reserved 327680K
}
Event: 4.133 GC heap after
{Heap after GC invocations=2 (full 0):
 garbage-first heap   total 262144K, used 12249K [0x00000000e0000000, 0x0000000100000000)
  region size 1024K, 2 young (2048K), 2 survivors (2048K)
 Metaspace       used 4265K, committed 4480K, reserved 393216K
  class space    used 534K, committed 640K, reserved 327680K
}
Event: 17.467 GC heap before
{Heap before GC invocations=2 (full 0):
 garbage-first heap   total 262144K, used 160729K [0x00000000e0000000, 0x0000000100000000)
  region size 1024K, 146 young (149504K), 2 survivors (2048K)
 Metaspace       used 21191K, committed 21504K, reserved 393216K
  class space    used 3085K, committed 3264K, reserved 327680K
}
Event: 17.576 GC heap after
{Heap after GC invocations=3 (full 0):
 garbage-first heap   total 262144K, used 24545K [0x00000000e0000000, 0x0000000100000000)
  region size 1024K, 13 young (13312K), 13 survivors (13312K)
 Metaspace       used 21191K, committed 21504K, reserved 393216K
  class space    used 3085K, committed 3264K, reserved 327680K
}

Deoptimization events (20 events):
Event: 39.929 Thread 0x000001f74429be90 Uncommon trap: trap_request=0xffffffde fr.pc=0x000001f71f685cf0 relative=0x00000000000022d0
Event: 39.929 Thread 0x000001f74429be90 Uncommon trap: reason=class_check action=maybe_recompile pc=0x000001f71f685cf0 method=java.io.BufferedInputStream.read([BII)I @ 101 c2
Event: 39.929 Thread 0x000001f74429be90 DEOPT PACKING pc=0x000001f71f685cf0 sp=0x00000096260f83b0
Event: 39.929 Thread 0x000001f74429be90 DEOPT UNPACKING pc=0x000001f71f0423a3 sp=0x00000096260f8260 mode 2
Event: 39.930 Thread 0x000001f74429be90 Uncommon trap: trap_request=0xffffffc6 fr.pc=0x000001f71f79ce5c relative=0x00000000000005dc
Event: 39.930 Thread 0x000001f74429be90 Uncommon trap: reason=bimorphic_or_optimized_type_check action=maybe_recompile pc=0x000001f71f79ce5c method=java.io.BufferedInputStream.read([BII)I @ 101 c2
Event: 39.930 Thread 0x000001f74429be90 DEOPT PACKING pc=0x000001f71f79ce5c sp=0x00000096260f82b0
Event: 39.930 Thread 0x000001f74429be90 DEOPT UNPACKING pc=0x000001f71f0423a3 sp=0x00000096260f8268 mode 2
Event: 39.930 Thread 0x000001f74429be90 Uncommon trap: trap_request=0xffffffc6 fr.pc=0x000001f71f79ce5c relative=0x00000000000005dc
Event: 39.930 Thread 0x000001f74429be90 Uncommon trap: reason=bimorphic_or_optimized_type_check action=maybe_recompile pc=0x000001f71f79ce5c method=java.io.BufferedInputStream.read([BII)I @ 101 c2
Event: 39.930 Thread 0x000001f74429be90 DEOPT PACKING pc=0x000001f71f79ce5c sp=0x00000096260f82b0
Event: 39.930 Thread 0x000001f74429be90 DEOPT UNPACKING pc=0x000001f71f0423a3 sp=0x00000096260f8268 mode 2
Event: 39.993 Thread 0x000001f74429be90 Uncommon trap: trap_request=0xffffff45 fr.pc=0x000001f71f706c7c relative=0x000000000000059c
Event: 39.993 Thread 0x000001f74429be90 Uncommon trap: reason=unstable_if action=reinterpret pc=0x000001f71f706c7c method=jdk.internal.org.objectweb.asm.MethodWriter.visitVarInsn(II)V @ 108 c2
Event: 39.993 Thread 0x000001f74429be90 DEOPT PACKING pc=0x000001f71f706c7c sp=0x00000096260f1420
Event: 39.993 Thread 0x000001f74429be90 DEOPT UNPACKING pc=0x000001f71f0423a3 sp=0x00000096260f13e8 mode 2
Event: 40.277 Thread 0x000001f74429be90 Uncommon trap: trap_request=0xffffff45 fr.pc=0x000001f71f66cec8 relative=0x00000000000005a8
Event: 40.277 Thread 0x000001f74429be90 Uncommon trap: reason=unstable_if action=reinterpret pc=0x000001f71f66cec8 method=java.util.Properties$LineReader.readLine()I @ 95 c2
Event: 40.277 Thread 0x000001f74429be90 DEOPT PACKING pc=0x000001f71f66cec8 sp=0x00000096260f8300
Event: 40.277 Thread 0x000001f74429be90 DEOPT UNPACKING pc=0x000001f71f0423a3 sp=0x00000096260f82b0 mode 2

Classes unloaded (0 events):
No events

Classes redefined (0 events):
No events

Internal exceptions (20 events):
Event: 19.157 Thread 0x000001f7454a0160 Exception <a 'java/lang/NoSuchMethodError'{0x00000000ed0e2970}: static Lorg/gradle/internal/classloader/ClassLoaderSpec;.<clinit>()V> (0x00000000ed0e2970) 
thrown [s\open\src\hotspot\share\prims\jni.cpp, line 1112]
Event: 19.159 Thread 0x000001f7454a0160 Exception <a 'java/lang/NoSuchMethodError'{0x00000000ed0f55c0}: static Lorg/gradle/internal/classloader/ClassLoaderSpec;.<clinit>()V> (0x00000000ed0f55c0) 
thrown [s\open\src\hotspot\share\prims\jni.cpp, line 1112]
Event: 19.160 Thread 0x000001f7454a0160 Exception <a 'java/lang/NoSuchMethodError'{0x00000000ecf01f70}: static Lorg/gradle/internal/classloader/VisitableURLClassLoader$Spec;.<clinit>()V> (0x00000000ecf01f70) 
thrown [s\open\src\hotspot\share\prims\jni.cpp, line 1112]
Event: 20.478 Thread 0x000001f747179140 Exception <a 'sun/net/ConnectionResetException'{0x00000000ecdb0098}: Connection reset> (0x00000000ecdb0098) 
thrown [s\open\src\hotspot\share\prims\jni.cpp, line 535]
Event: 20.536 Thread 0x000001f74717b4b0 Exception <a 'sun/net/ConnectionResetException'{0x00000000ecc70678}: Connection reset> (0x00000000ecc70678) 
thrown [s\open\src\hotspot\share\prims\jni.cpp, line 535]
Event: 20.749 Thread 0x000001f74429a030 Exception <a 'sun/net/ConnectionResetException'{0x00000000eca70678}: Connection reset> (0x00000000eca70678) 
thrown [s\open\src\hotspot\share\prims\jni.cpp, line 535]
Event: 20.793 Thread 0x000001f74429a030 Exception <a 'sun/net/ConnectionResetException'{0x00000000ec916a50}: Connection reset> (0x00000000ec916a50) 
thrown [s\open\src\hotspot\share\prims\jni.cpp, line 535]
Event: 20.938 Thread 0x000001f74429be90 Exception <a 'java/lang/IncompatibleClassChangeError'{0x00000000ec72d238}: Found class java.lang.Object, but interface was expected> (0x00000000ec72d238) 
thrown [s\open\src\hotspot\share\interpreter\linkResolver.cpp, line 826]
Event: 24.031 Thread 0x000001f74429be90 Exception <a 'java/lang/NoSuchMethodError'{0x00000000ec54c2a0}: 'java.lang.Object java.lang.invoke.DirectMethodHandle$Holder.newInvokeSpecial(java.lang.Object, java.lang.Object, long)'> (0x00000000ec54c2a0) 
thrown [s\open\src\hotspot\share\interpreter\linkResolver.cpp, line 759]
Event: 24.032 Thread 0x000001f74429be90 Exception <a 'java/lang/NoSuchMethodError'{0x00000000ec5508b0}: 'java.lang.Object java.lang.invoke.Invokers$Holder.linkToTargetMethod(java.lang.Object, long, java.lang.Object)'> (0x00000000ec5508b0) 
thrown [s\open\src\hotspot\share\interpreter\linkResolver.cpp, line 759]
Event: 24.093 Thread 0x000001f74429be90 Exception <a 'java/lang/NoSuchMethodError'{0x00000000ec35e2b8}: 'int java.lang.invoke.DirectMethodHandle$Holder.invokeInterface(java.lang.Object, java.lang.Object)'> (0x00000000ec35e2b8) 
thrown [s\open\src\hotspot\share\interpreter\linkResolver.cpp, line 759]
Event: 24.105 Thread 0x000001f74429be90 Exception <a 'java/lang/NoSuchMethodError'{0x00000000ec3c85b8}: 'java.lang.Object java.lang.invoke.DirectMethodHandle$Holder.invokeVirtual(java.lang.Object, java.lang.Object, int)'> (0x00000000ec3c85b8) 
thrown [s\open\src\hotspot\share\interpreter\linkResolver.cpp, line 759]
Event: 35.797 Thread 0x000001f74429be90 Exception <a 'java/lang/NoSuchMethodError'{0x00000000ec1740b0}: 'java.lang.Object java.lang.invoke.DirectMethodHandle$Holder.invokeStatic(java.lang.Object, java.lang.Object, int, java.lang.Object)'> (0x00000000ec1740b0) 
thrown [s\open\src\hotspot\share\interpreter\linkResolver.cpp, line 759]
Event: 35.798 Thread 0x000001f74429be90 Exception <a 'java/lang/NoSuchMethodError'{0x00000000ec17be50}: 'java.lang.Object java.lang.invoke.DirectMethodHandle$Holder.newInvokeSpecial(java.lang.Object, java.lang.Object, int, java.lang.Object)'> (0x00000000ec17be50) 
thrown [s\open\src\hotspot\share\interpreter\linkResolver.cpp, line 759]
Event: 35.799 Thread 0x000001f74429be90 Exception <a 'java/lang/NoSuchMethodError'{0x00000000ec180738}: 'java.lang.Object java.lang.invoke.DirectMethodHandle$Holder.invokeSpecial(java.lang.Object, java.lang.Object, java.lang.Object, int, java.lang.Object)'> (0x00000000ec180738) 
thrown [s\open\src\hotspot\share\interpreter\linkResolver.cpp, line 759]
Event: 39.683 Thread 0x000001f74429be90 Exception <a 'java/lang/NoSuchMethodError'{0x00000000ebb29848}: 'java.lang.Object java.lang.invoke.DirectMethodHandle$Holder.invokeSpecial(java.lang.Object, java.lang.Object, java.lang.Object, int, java.lang.Object, java.lang.Object)'> (0x00000000ebb29848) 
thrown [s\open\src\hotspot\share\interpreter\linkResolver.cpp, line 759]
Event: 39.993 Thread 0x000001f74429be90 Implicit null exception at 0x000001f71f7067ea to 0x000001f71f706c70
Event: 40.075 Thread 0x000001f74429be90 Exception <a 'java/lang/NoSuchMethodError'{0x00000000eb46ef40}: 'void java.lang.invoke.DirectMethodHandle$Holder.invokeStaticInit(java.lang.Object, java.lang.Object, java.lang.Object)'> (0x00000000eb46ef40) 
thrown [s\open\src\hotspot\share\interpreter\linkResolver.cpp, line 759]
Event: 40.078 Thread 0x000001f74429be90 Exception <a 'java/lang/NoSuchMethodError'{0x00000000eb494558}: 'void java.lang.invoke.DirectMethodHandle$Holder.invokeStaticInit(java.lang.Object, java.lang.Object, java.lang.Object, java.lang.Object, java.lang.Object)'> (0x00000000eb494558) 
thrown [s\open\src\hotspot\share\interpreter\linkResolver.cpp, line 759]
Event: 40.100 Thread 0x000001f74429be90 Exception <a 'java/lang/NoSuchMethodError'{0x00000000eb4f0278}: 'int java.lang.invoke.DirectMethodHandle$Holder.invokeStaticInit(java.lang.Object, java.lang.Object, java.lang.Object, java.lang.Object)'> (0x00000000eb4f0278) 
thrown [s\open\src\hotspot\share\interpreter\linkResolver.cpp, line 759]

VM Operations (20 events):
Event: 36.097 Executing VM operation: Cleanup
Event: 36.097 Executing VM operation: Cleanup done
Event: 37.112 Executing VM operation: Cleanup
Event: 37.112 Executing VM operation: Cleanup done
Event: 38.124 Executing VM operation: Cleanup
Event: 38.124 Executing VM operation: Cleanup done
Event: 39.135 Executing VM operation: Cleanup
Event: 39.135 Executing VM operation: Cleanup done
Event: 39.521 Executing VM operation: HandshakeAllThreads
Event: 39.521 Executing VM operation: HandshakeAllThreads done
Event: 39.522 Executing VM operation: HandshakeAllThreads
Event: 39.522 Executing VM operation: HandshakeAllThreads done
Event: 39.984 Executing VM operation: HandshakeAllThreads
Event: 39.984 Executing VM operation: HandshakeAllThreads done
Event: 40.387 Executing VM operation: HandshakeAllThreads
Event: 40.387 Executing VM operation: HandshakeAllThreads done
Event: 40.387 Executing VM operation: Cleanup
Event: 40.388 Executing VM operation: Cleanup done
Event: 41.396 Executing VM operation: Cleanup
Event: 41.460 Executing VM operation: Cleanup done

Events (20 events):
Event: 40.407 loading class javax/swing/MenuSelectionManager done
Event: 40.408 loading class javax/swing/event/TableModelListener
Event: 40.408 loading class javax/swing/event/TableModelListener done
Event: 40.409 loading class javax/swing/Icon
Event: 40.409 loading class javax/swing/Icon done
Event: 40.409 loading class javax/swing/AbstractButton$Handler
Event: 40.409 loading class javax/swing/event/ChangeListener
Event: 40.409 loading class javax/swing/event/ChangeListener done
Event: 40.409 loading class javax/swing/AbstractButton$Handler done
Event: 40.409 loading class javax/swing/ButtonModel
Event: 40.409 loading class javax/swing/ButtonModel done
Event: 40.409 loading class javax/swing/plaf/ButtonUI
Event: 40.409 loading class javax/swing/plaf/ButtonUI done
Event: 40.409 loading class java/awt/event/ItemEvent
Event: 40.409 loading class java/awt/event/ItemEvent done
Event: 40.409 loading class java/awt/LayoutManager
Event: 40.409 loading class java/awt/LayoutManager done
Event: 40.410 loading class javax/swing/event/TableModelEvent
Event: 40.410 loading class javax/swing/event/TableModelEvent done
Event: 41.240 Thread 0x000001f7446e2b80 Thread exited: 0x000001f7446e2b80


Dynamic libraries:
0x00007ff74e300000 - 0x00007ff74e310000 	C:\Program Files\Java\jdk-17\bin\java.exe
0x00007ffe7e2c0000 - 0x00007ffe7e528000 	C:\WINDOWS\SYSTEM32\ntdll.dll
0x00007ffe7c100000 - 0x00007ffe7c1c9000 	C:\WINDOWS\System32\KERNEL32.DLL
0x00007ffe7b440000 - 0x00007ffe7b838000 	C:\WINDOWS\System32\KERNELBASE.dll
0x00007ffe7bba0000 - 0x00007ffe7bceb000 	C:\WINDOWS\System32\ucrtbase.dll
0x00007ffe48d40000 - 0x00007ffe48d59000 	C:\Program Files\Java\jdk-17\bin\jli.dll
0x00007ffe7c4b0000 - 0x00007ffe7c564000 	C:\WINDOWS\System32\ADVAPI32.dll
0x00007ffe7e190000 - 0x00007ffe7e239000 	C:\WINDOWS\System32\msvcrt.dll
0x00007ffe7e0e0000 - 0x00007ffe7e186000 	C:\WINDOWS\System32\sechost.dll
0x00007ffe7d620000 - 0x00007ffe7d738000 	C:\WINDOWS\System32\RPCRT4.dll
0x00007ffe7cc10000 - 0x00007ffe7cdd7000 	C:\WINDOWS\System32\USER32.dll
0x00007ffe7b410000 - 0x00007ffe7b437000 	C:\WINDOWS\System32\win32u.dll
0x00007ffe7d4e0000 - 0x00007ffe7d50b000 	C:\WINDOWS\System32\GDI32.dll
0x00007ffe7bdb0000 - 0x00007ffe7bedc000 	C:\WINDOWS\System32\gdi32full.dll
0x00007ffe7b840000 - 0x00007ffe7b8e3000 	C:\WINDOWS\System32\msvcp_win.dll
0x00007ffe439a0000 - 0x00007ffe439bb000 	C:\Program Files\Java\jdk-17\bin\VCRUNTIME140.dll
0x00007ffe563b0000 - 0x00007ffe56644000 	C:\WINDOWS\WinSxS\amd64_microsoft.windows.common-controls_6595b64144ccf1df_6.0.26100.7019_none_3e06ffa0e335b8a8\COMCTL32.dll
0x00007ffe6f0b0000 - 0x00007ffe6f0bb000 	C:\WINDOWS\SYSTEM32\VERSION.dll
0x00007ffe7e240000 - 0x00007ffe7e271000 	C:\WINDOWS\System32\IMM32.DLL
0x00007ffe49e30000 - 0x00007ffe49e3c000 	C:\Program Files\Java\jdk-17\bin\vcruntime140_1.dll
0x00007ffdfdd00000 - 0x00007ffdfdd8e000 	C:\Program Files\Java\jdk-17\bin\msvcp140.dll
0x00007ffdb4c40000 - 0x00007ffdb5820000 	C:\Program Files\Java\jdk-17\bin\server\jvm.dll
0x00007ffe7dea0000 - 0x00007ffe7dea8000 	C:\WINDOWS\System32\PSAPI.DLL
0x00007ffe448e0000 - 0x00007ffe448ea000 	C:\WINDOWS\SYSTEM32\WSOCK32.dll
0x00007ffe7c2d0000 - 0x00007ffe7c344000 	C:\WINDOWS\System32\WS2_32.dll
0x00007ffe6d580000 - 0x00007ffe6d5b5000 	C:\WINDOWS\SYSTEM32\WINMM.dll
0x00007ffe7a1d0000 - 0x00007ffe7a1eb000 	C:\WINDOWS\SYSTEM32\kernel.appcore.dll
0x00007ffe34ba0000 - 0x00007ffe34baa000 	C:\Program Files\Java\jdk-17\bin\jimage.dll
0x00007ffe78850000 - 0x00007ffe78a92000 	C:\WINDOWS\SYSTEM32\DBGHELP.DLL
0x00007ffe7d150000 - 0x00007ffe7d4db000 	C:\WINDOWS\System32\combase.dll
0x00007ffe7cff0000 - 0x00007ffe7d0c7000 	C:\WINDOWS\System32\OLEAUT32.dll
0x00007ffe4bd80000 - 0x00007ffe4bdbc000 	C:\WINDOWS\SYSTEM32\dbgcore.DLL
0x00007ffe7baf0000 - 0x00007ffe7bb95000 	C:\WINDOWS\System32\bcryptPrimitives.dll
0x00007ffe344e0000 - 0x00007ffe344ee000 	C:\Program Files\Java\jdk-17\bin\instrument.dll
0x00007ffe06710000 - 0x00007ffe06735000 	C:\Program Files\Java\jdk-17\bin\java.dll
0x00007ffdfd440000 - 0x00007ffdfd517000 	C:\Program Files\Java\jdk-17\bin\jsvml.dll
0x00007ffe7d740000 - 0x00007ffe7de91000 	C:\WINDOWS\System32\SHELL32.dll
0x00007ffe7b8f0000 - 0x00007ffe7ba5b000 	C:\WINDOWS\System32\wintypes.dll
0x00007ffe78ff0000 - 0x00007ffe7984d000 	C:\WINDOWS\SYSTEM32\windows.storage.dll
0x00007ffe7c1d0000 - 0x00007ffe7c2c2000 	C:\WINDOWS\System32\SHCORE.dll
0x00007ffe7c070000 - 0x00007ffe7c0d7000 	C:\WINDOWS\System32\shlwapi.dll
0x00007ffe7b330000 - 0x00007ffe7b359000 	C:\WINDOWS\SYSTEM32\profapi.dll
0x00007ffdfd420000 - 0x00007ffdfd438000 	C:\Program Files\Java\jdk-17\bin\zip.dll
0x00007ffdfd400000 - 0x00007ffdfd419000 	C:\Program Files\Java\jdk-17\bin\net.dll
0x00007ffe70e50000 - 0x00007ffe70f78000 	C:\WINDOWS\SYSTEM32\WINHTTP.dll
0x00007ffe7a7b0000 - 0x00007ffe7a81b000 	C:\WINDOWS\system32\mswsock.dll
0x00007ffdf2be0000 - 0x00007ffdf2bf6000 	C:\Program Files\Java\jdk-17\bin\nio.dll
0x00007ffe33ba0000 - 0x00007ffe33bb0000 	C:\Program Files\Java\jdk-17\bin\verify.dll
0x00007ffde2ee0000 - 0x00007ffde2f07000 	C:\Users\Sakshi\.gradle\native\c067742578af261105cb4f569cf0c3c89f3d7b1fecec35dd04571415982c5e48\windows-amd64\native-platform.dll
0x00007ffdb3b90000 - 0x00007ffdb3cd4000 	C:\Users\Sakshi\.gradle\native\100fb08df4bc3b14c8652ba06237920a3bd2aa13389f12d3474272988ae205f9\windows-amd64\native-platform-file-events.dll
0x00007ffe32f00000 - 0x00007ffe32f0a000 	C:\Program Files\Java\jdk-17\bin\management.dll
0x00007ffe2ade0000 - 0x00007ffe2adeb000 	C:\Program Files\Java\jdk-17\bin\management_ext.dll
0x00007ffe7aa90000 - 0x00007ffe7aaab000 	C:\WINDOWS\SYSTEM32\CRYPTSP.dll
0x00007ffe7a130000 - 0x00007ffe7a16a000 	C:\WINDOWS\system32\rsaenh.dll
0x00007ffe7a860000 - 0x00007ffe7a88b000 	C:\WINDOWS\SYSTEM32\USERENV.dll
0x00007ffe7b300000 - 0x00007ffe7b32a000 	C:\WINDOWS\SYSTEM32\bcrypt.dll
0x00007ffe7aab0000 - 0x00007ffe7aabc000 	C:\WINDOWS\SYSTEM32\CRYPTBASE.dll
0x00007ffe79cd0000 - 0x00007ffe79d04000 	C:\WINDOWS\SYSTEM32\IPHLPAPI.DLL
0x00007ffe7c0e0000 - 0x00007ffe7c0ea000 	C:\WINDOWS\System32\NSI.dll
0x00007ffe71ff0000 - 0x00007ffe7200e000 	C:\WINDOWS\SYSTEM32\dhcpcsvc6.DLL
0x00007ffe71fc0000 - 0x00007ffe71fe3000 	C:\WINDOWS\SYSTEM32\dhcpcsvc.DLL
0x00007ffe79d10000 - 0x00007ffe79e3c000 	C:\WINDOWS\SYSTEM32\DNSAPI.dll
0x00007ffe77ea0000 - 0x00007ffe77eae000 	C:\Program Files\Java\jdk-17\bin\sunmscapi.dll
0x00007ffe7bee0000 - 0x00007ffe7c057000 	C:\WINDOWS\System32\CRYPT32.dll
0x00007ffe7ad40000 - 0x00007ffe7ad70000 	C:\WINDOWS\SYSTEM32\ncrypt.dll
0x00007ffe7acf0000 - 0x00007ffe7ad2f000 	C:\WINDOWS\SYSTEM32\NTASN1.dll
0x00007ffe49240000 - 0x00007ffe49248000 	C:\WINDOWS\system32\wshunix.dll

dbghelp: loaded successfully - version: 4.0.5 - missing functions: none
symbol engine: initialized successfully - sym options: 0x614 - pdb path: .;C:\Program Files\Java\jdk-17\bin;C:\WINDOWS\SYSTEM32;C:\WINDOWS\WinSxS\amd64_microsoft.windows.common-controls_6595b64144ccf1df_6.0.26100.7019_none_3e06ffa0e335b8a8;C:\Program Files\Java\jdk-17\bin\server;C:\Users\Sakshi\.gradle\native\c067742578af261105cb4f569cf0c3c89f3d7b1fecec35dd04571415982c5e48\windows-amd64;C:\Users\Sakshi\.gradle\native\100fb08df4bc3b14c8652ba06237920a3bd2aa13389f12d3474272988ae205f9\windows-amd64

VM Arguments:
jvm_args: --add-opens=java.base/java.util=ALL-UNNAMED --add-opens=java.base/java.lang=ALL-UNNAMED --add-opens=java.base/java.lang.invoke=ALL-UNNAMED --add-opens=java.prefs/java.util.prefs=ALL-UNNAMED --add-exports=jdk.compiler/com.sun.tools.javac.api=ALL-UNNAMED --add-exports=jdk.compiler/com.sun.tools.javac.util=ALL-UNNAMED --add-opens=java.base/java.nio.charset=ALL-UNNAMED --add-opens=java.base/java.net=ALL-UNNAMED --add-opens=java.base/java.util.concurrent.atomic=ALL-UNNAMED -XX:MaxMetaspaceSize=384m -XX:+HeapDumpOnOutOfMemoryError -Xms256m -Xmx512m -Dfile.encoding=utf8 -Duser.country=IN -Duser.language=en -Duser.variant -javaagent:C:\Users\Sakshi\.gradle\wrapper\dists\gradle-8.9-bin\90cnw93cvbtalezasaz0blq0a\gradle-8.9\lib\agents\gradle-instrumentation-agent-8.9.jar 
java_command: org.gradle.launcher.daemon.bootstrap.GradleDaemon 8.9
java_class_path (initial): C:\Users\Sakshi\.gradle\wrapper\dists\gradle-8.9-bin\90cnw93cvbtalezasaz0blq0a\gradle-8.9\lib\gradle-daemon-main-8.9.jar
Launcher Type: SUN_STANDARD

[Global flags]
     intx CICompilerCount                          = 4                                         {product} {ergonomic}
   size_t CompressedClassSpaceSize                 = 335544320                                 {product} {ergonomic}
     uint ConcGCThreads                            = 3                                         {product} {ergonomic}
     uint G1ConcRefinementThreads                  = 10                                        {product} {ergonomic}
   size_t G1HeapRegionSize                         = 1048576                                   {product} {ergonomic}
    uintx GCDrainStackTargetSize                   = 64                                        {product} {ergonomic}
     bool HeapDumpOnOutOfMemoryError               = true                                   {manageable} {command line}
   size_t InitialHeapSize                          = 268435456                                 {product} {command line}
   size_t MarkStackSize                            = 4194304                                   {product} {ergonomic}
   size_t MaxHeapSize                              = 536870912                                 {product} {command line}
   size_t MaxMetaspaceSize                         = 402653184                                 {product} {command line}
   size_t MaxNewSize                               = 321912832                                 {product} {ergonomic}
   size_t MinHeapDeltaBytes                        = 1048576                                   {product} {ergonomic}
   size_t MinHeapSize                              = 268435456                                 {product} {command line}
    uintx NonNMethodCodeHeapSize                   = 5839372                                {pd product} {ergonomic}
    uintx NonProfiledCodeHeapSize                  = 122909434                              {pd product} {ergonomic}
    uintx ProfiledCodeHeapSize                     = 122909434                              {pd product} {ergonomic}
    uintx ReservedCodeCacheSize                    = 251658240                              {pd product} {ergonomic}
     bool SegmentedCodeCache                       = true                                      {product} {ergonomic}
   size_t SoftMaxHeapSize                          = 536870912                              {manageable} {ergonomic}
     bool UseCompressedClassPointers               = true                           {product lp64_product} {ergonomic}
     bool UseCompressedOops                        = true                           {product lp64_product} {ergonomic}
     bool UseG1GC                                  = true                                      {product} {ergonomic}
     bool UseLargePagesIndividualAllocation        = false                                  {pd product} {ergonomic}

Logging:
Log output configuration:
 #0: stdout all=warning uptime,level,tags
 #1: stderr all=off uptime,level,tags

Environment Variables:
JAVA_HOME=C:\Program Files\Java\jdk-17
PATH=C:\Users\Sakshi\AppData\Local\jdk-17.0.12;C:\windows\system32;C:\windows;C:\windows\System32\Wbem;C:\windows\System32\WindowsPowerShell\v1.0\;C:\windows\System32\OpenSSH\;C:\Program Files (x86)\NVIDIA Corporation\PhysX\Common;C:\Program Files\NVIDIA Corporation\NVIDIA NvDLISR;C:\Program Files\dotnet\;C:\MinGW\bin;C:\TurboC++\BGI;C:\sakshi\my java program;C:\Users\Sakshi\OneDrive\Desktop\c++.cpp\c++.cpp;C:\Users\Sakshi\Downloads\node-v20.16.0.tar.gz;C:\Users\Sakshi\Downloads\node-v18.20.4.tar.gz\node-v18.20.4;C:\Program Files\MySQL\MySQL Server 8.0\bin;C:\WINDOWS\system32;C:\WINDOWS;C:\WINDOWS\System32\Wbem;C:\WINDOWS\System32\WindowsPowerShell\v1.0\;C:\WINDOWS\System32\OpenSSH\;C:\Program Files (x86)\Windows Kits\10\Windows Performance Toolkit\;C:\ProgramData\chocolatey\bin;C:\Users\Sakshi\AppData\Local\Android\Sdk;C:\Users\Sakshi\AppData\Local\Android\Sdk\platform-tools;C:\Program Files\Java\jdk-17\bin;C:\Users\Sakshi\AppData\Roaming\npm;C:\Program Files\MongoDB\Server\8.0\bin;C:\Users\Sakshi\AppData\Local\Programs\mongosh\;C:\Program Files\Git\cmd;C:\Program Files\nodejs\;C:\sqlite.zip;C:\Program Files\Fortect;D:\MyDownloads\apache-maven-3.9.12-bin\apache-maven-3.9.12\bin;C:\Users\Sakshi\AppData\Roaming\Python\Python313\Scripts;;C:\Program Files\Docker\Docker\resources\bin;C:\Users\Sakshi\AppData\Local\Programs\Python\Python312\Scripts\;C:\Users\Sakshi\AppData\Local\Programs\Python\Python312\;C:\Users\Sakshi\Scripts\;C:\Users\Sakshi\;C:\Users\Sakshi\AppData\Local\Programs\Python\Python314\Scripts\;C:\Users\Sakshi\AppData\Local\Programs\Python\Python314\;C:\Users\Sakshi\AppData\Local\jdk-17.0.12;C:\Users\Sakshi\AppData\Local\Android\Sdk\tools;C:\Users\Sakshi\AppData\Local\Android\Sdk\platform-tools;C:\Program Files\Java\jdk-17\bin;C:\Users\Sakshi\AppData\Local\Programs\mongosh\;C:\Users\Sakshi\AppData\Roaming\npm;C:\Program Files\JetBrains\PyCharm Community Edition 2025.2.1.1\bin;D:\MyDownloads\Graphviz\bin;D:\MyDownloads\Antigravity IDE\bin;C:\Users\Sakshi\AppDa
USERNAME=Sakshi
OS=Windows_NT
PROCESSOR_IDENTIFIER=Intel64 Family 6 Model 154 Stepping 3, GenuineIntel



---------------  S Y S T E M  ---------------

OS:
 Windows 11 , 64 bit Build 26100 (10.0.26100.7019)
OS uptime: 0 days 0:50 hours
Hyper-V role detected

CPU: total 12 (initial active 12) (6 cores per cpu, 2 threads per core) family 6 model 154 stepping 3 microcode 0x434, cx8, cmov, fxsr, ht, mmx, 3dnowpref, sse, sse2, sse3, ssse3, sse4.1, sse4.2, popcnt, lzcnt, tsc, tscinvbit, avx, avx2, aes, erms, clmul, bmi1, bmi2, adx, sha, fma, vzeroupper, clflush, clflushopt, clwb, hv

Memory: 4k page, system-wide physical 16052M (572M free)
TotalPageFile size 35112M (AvailPageFile size 44M)
current process WorkingSet (physical memory assigned to process): 274M, peak: 299M
current process commit charge ("private bytes"): 436M, peak: 441M

vm_info: Java HotSpot(TM) 64-Bit Server VM (17.0.12+8-LTS-286) for windows-amd64 JRE (17.0.12+8-LTS-286), built on Jun  5 2024 06:46:59 by "mach5one" with MS VC++ 17.6 (VS2022)

END.
